[10/Aug/2026 17:56:03] "GET /api/vehicles/ HTTP/1.1" 200 2838
[10/Aug/2026 18:03:56] "POST /api/vehicles/ HTTP/1.1" 201 260
[10/Aug/2026 18:03:56] "POST /api/visits/ HTTP/1.1" 201 246
WARNING: All log messages before absl::InitializeLog() is called are written to STDERR
W0000 00:00:1786403038.745251   28032 routing.cc:6421] GUIDED_LOCAL_SEARCH specified without sane timeout: solve may run forever.
[10/Aug/2026 18:03:58] "POST /api/optimizations/ HTTP/1.1" 201 754
Bad Request: /api/vehicles/
[10/Aug/2026 18:07:29] "POST /api/vehicles/ HTTP/1.1" 400 127
[10/Aug/2026 18:07:29,574] - Broken pipe from ('127.0.0.1', 52866)
[10/Aug/2026 18:10:56] "POST /api/vehicles/ HTTP/1.1" 201 305
[10/Aug/2026 18:10:56] "POST /api/visits/ HTTP/1.1" 201 302
W0000 00:00:1786403457.793296    7380 routing.cc:6421] GUIDED_LOCAL_SEARCH specified without sane timeout: solve may run forever.
[10/Aug/2026 18:10:57] "POST /api/optimizations/ HTTP/1.1" 201 873
[10/Aug/2026 18:10:57] "GET /api/optimizations/9/ HTTP/1.1" 200 850
[10/Aug/2026 18:10:57] "POST /api/optimizations/9/confirm/ HTTP/1.1" 200 877
[10/Aug/2026 18:10:57] "POST /api/optimizations/9/stops/371/deliver/ HTTP/1.1" 200 904
[10/Aug/2026 18:10:57] "POST /api/optimizations/9/complete/ HTTP/1.1" 200 929
[10/Aug/2026 18:10:57] "DELETE /api/optimizations/9/ HTTP/1.1" 204 0
[10/Aug/2026 18:10:57] "DELETE /api/vehicles/16/ HTTP/1.1" 204 0
[10/Aug/2026 18:10:57] "DELETE /api/visits/122/ HTTP/1.1" 204 0
[10/Aug/2026 18:10:57] "POST /api/vehicles/ HTTP/1.1" 201 313
[10/Aug/2026 18:10:57] "POST /api/visits/ HTTP/1.1" 201 296
W0000 00:00:1786403458.799716    7380 routing.cc:6421] GUIDED_LOCAL_SEARCH specified without sane timeout: solve may run forever.
[10/Aug/2026 18:10:58] "POST /api/optimizations/ HTTP/1.1" 201 875
[10/Aug/2026 18:10:58] "GET /api/available/resources/?date=2026-08-11 HTTP/1.1" 200 38974
[10/Aug/2026 18:10:58] "POST /api/optimizations/10/cancel/ HTTP/1.1" 200 854
[10/Aug/2026 18:10:58] "GET /api/available/resources/?date=2026-08-11 HTTP/1.1" 200 39585
[10/Aug/2026 18:10:58] "DELETE /api/optimizations/10/ HTTP/1.1" 204 0
[10/Aug/2026 18:10:58] "DELETE /api/vehicles/17/ HTTP/1.1" 204 0
[10/Aug/2026 18:10:58] "DELETE /api/visits/123/ HTTP/1.1" 204 0
Bad Request: /api/optimizations/
[10/Aug/2026 18:10:58] "POST /api/optimizations/ HTTP/1.1" 400 52
Bad Request: /api/vehicles/
[10/Aug/2026 18:10:58] "POST /api/vehicles/ HTTP/1.1" 400 127
Bad Request: /api/visits/
[10/Aug/2026 18:10:59] "POST /api/visits/ HTTP/1.1" 400 127
[10/Aug/2026 18:10:59] "POST /api/visits/ HTTP/1.1" 201 298
[10/Aug/2026 18:10:59] "GET /api/visits/124/ HTTP/1.1" 200 298
[10/Aug/2026 18:10:59] "DELETE /api/visits/124/ HTTP/1.1" 204 0
[10/Aug/2026 18:10:59,080] - Broken pipe from ('127.0.0.1', 61031)
[10/Aug/2026 18:11:07] "POST /api/vehicles/ HTTP/1.1" 201 304
[10/Aug/2026 18:11:07] "GET /api/vehicles/?search=Veh%C3%ADculo+Hilpert+1786403467535-bb2h3l HTTP/1.1" 200 356
[10/Aug/2026 18:11:07] "DELETE /api/vehicles/18/ HTTP/1.1" 204 0
[10/Aug/2026 18:11:07] "POST /api/visits/ HTTP/1.1" 201 293
[10/Aug/2026 18:11:07] "GET /api/visits/?search=Visita+Abilene+1786403467646-O5jdDO HTTP/1.1" 200 345
[10/Aug/2026 18:11:07] "PATCH /api/visits/125/ HTTP/1.1" 200 289
[10/Aug/2026 18:11:07] "DELETE /api/visits/125/ HTTP/1.1" 204 0
[10/Aug/2026 18:11:07,721] - Broken pipe from ('127.0.0.1', 61034)
[10/Aug/2026 18:55:55] "GET /api/vehicles/ HTTP/1.1" 200 2878
[10/Aug/2026 18:55:55,951] - Broken pipe from ('127.0.0.1', 58894)
[10/Aug/2026 18:56:22] "POST /api/vehicles/ HTTP/1.1" 201 302
[10/Aug/2026 18:56:22] "POST /api/visits/ HTTP/1.1" 201 298
W0000 00:00:1786406183.409625   15036 routing.cc:6421] GUIDED_LOCAL_SEARCH specified without sane timeout: solve may run forever.
[10/Aug/2026 18:56:23] "POST /api/optimizations/ HTTP/1.1" 201 865
[10/Aug/2026 18:56:23] "GET /api/optimizations/11/ HTTP/1.1" 200 842
[10/Aug/2026 18:56:23] "POST /api/optimizations/11/confirm/ HTTP/1.1" 200 869
[10/Aug/2026 18:56:23] "POST /api/optimizations/11/stops/373/deliver/ HTTP/1.1" 200 896
[10/Aug/2026 18:56:23] "POST /api/optimizations/11/complete/ HTTP/1.1" 200 921
[10/Aug/2026 18:56:23] "DELETE /api/optimizations/11/ HTTP/1.1" 204 0
[10/Aug/2026 18:56:23] "DELETE /api/vehicles/19/ HTTP/1.1" 204 0
[10/Aug/2026 18:56:23] "DELETE /api/visits/126/ HTTP/1.1" 204 0
[10/Aug/2026 18:56:23] "POST /api/vehicles/ HTTP/1.1" 201 304
[10/Aug/2026 18:56:23] "POST /api/visits/ HTTP/1.1" 201 300
W0000 00:00:1786406184.396570   15036 routing.cc:6421] GUIDED_LOCAL_SEARCH specified without sane timeout: solve may run forever.
[10/Aug/2026 18:56:24] "POST /api/optimizations/ HTTP/1.1" 201 867
[10/Aug/2026 18:56:24] "GET /api/available/resources/?date=2026-08-11 HTTP/1.1" 200 38974
[10/Aug/2026 18:56:24] "POST /api/optimizations/12/cancel/ HTTP/1.1" 200 846
[10/Aug/2026 18:56:24] "GET /api/available/resources/?date=2026-08-11 HTTP/1.1" 200 39580
[10/Aug/2026 18:56:24] "DELETE /api/optimizations/12/ HTTP/1.1" 204 0
[10/Aug/2026 18:56:24] "DELETE /api/vehicles/20/ HTTP/1.1" 204 0
[10/Aug/2026 18:56:24] "DELETE /api/visits/127/ HTTP/1.1" 204 0
Bad Request: /api/optimizations/
[10/Aug/2026 18:56:24] "POST /api/optimizations/ HTTP/1.1" 400 52
Bad Request: /api/vehicles/
[10/Aug/2026 18:56:24] "POST /api/vehicles/ HTTP/1.1" 400 127
Bad Request: /api/visits/
[10/Aug/2026 18:56:24] "POST /api/visits/ HTTP/1.1" 400 127
[10/Aug/2026 18:56:24] "POST /api/visits/ HTTP/1.1" 201 309
[10/Aug/2026 18:56:24] "GET /api/visits/128/ HTTP/1.1" 200 309
[10/Aug/2026 18:56:24] "DELETE /api/visits/128/ HTTP/1.1" 204 0
[10/Aug/2026 18:56:24,675] - Broken pipe from ('127.0.0.1', 58896)
[10/Aug/2026 18:56:30] "POST /api/vehicles/ HTTP/1.1" 201 300
[10/Aug/2026 18:56:30] "GET /api/vehicles/?search=Veh%C3%ADculo+Blanda+1786406189999-NscwGa HTTP/1.1" 200 352
[10/Aug/2026 18:56:30] "DELETE /api/vehicles/21/ HTTP/1.1" 204 0
[10/Aug/2026 18:56:30] "POST /api/visits/ HTTP/1.1" 201 293
[10/Aug/2026 18:56:30] "GET /api/visits/?search=Visita+Morarfort+1786406190110-RgHDnv HTTP/1.1" 200 345
[10/Aug/2026 18:56:30] "PATCH /api/visits/129/ HTTP/1.1" 200 292
[10/Aug/2026 18:56:30] "DELETE /api/visits/129/ HTTP/1.1" 204 0
[10/Aug/2026 18:56:30,185] - Broken pipe from ('127.0.0.1', 58899)
Not Found: /
[10/Aug/2026 19:14:10] "GET / HTTP/1.1" 404 2598
[10/Aug/2026 19:20:57] "POST /api/vehicles/ HTTP/1.1" 201 302
[10/Aug/2026 19:20:57] "GET /api/vehicles/?search=Veh%C3%ADculo+Hayes+1786407657386-MfdpV2 HTTP/1.1" 200 354
[10/Aug/2026 19:20:57] "DELETE /api/vehicles/22/ HTTP/1.1" 204 0
[10/Aug/2026 19:20:58] "GET /api/vehicles/?page=1&page_size=10 HTTP/1.1" 200 2891
[10/Aug/2026 19:20:58] "GET /api/visits/?page=1&page_size=10 HTTP/1.1" 200 3067
[10/Aug/2026 19:20:58] "GET /api/vehicles/?page=1&page_size=10 HTTP/1.1" 200 2891
[10/Aug/2026 19:20:58] "GET /api/visits/?page=1&page_size=10 HTTP/1.1" 200 3067
[10/Aug/2026 19:21:15,470] - Broken pipe from ('127.0.0.1', 57943)
[10/Aug/2026 19:21:16] "GET /api/visits/?page=1&page_size=10 HTTP/1.1" 200 3067
[10/Aug/2026 19:21:16] "GET /api/vehicles/?page=1&page_size=10 HTTP/1.1" 200 2891
[10/Aug/2026 19:21:16] "GET /api/vehicles/?page=1&page_size=10 HTTP/1.1" 200 2891
[10/Aug/2026 19:21:16] "GET /api/visits/?page=1&page_size=10 HTTP/1.1" 200 3067
[10/Aug/2026 19:21:32] "POST /api/visits/ HTTP/1.1" 201 296
[10/Aug/2026 19:21:32] "GET /api/visits/?search=Visita+Corvallis+1786407692644-BQ46Gt HTTP/1.1" 200 348
[10/Aug/2026 19:21:32] "PATCH /api/visits/130/ HTTP/1.1" 200 292
[10/Aug/2026 19:21:32] "DELETE /api/visits/130/ HTTP/1.1" 204 0
[10/Aug/2026 19:21:32,760] - Broken pipe from ('127.0.0.1', 52993)
[10/Aug/2026 19:21:50] "GET /api/vehicles/?page=1&page_size=10 HTTP/1.1" 200 2891
[10/Aug/2026 19:21:50] "GET /api/visits/?page=1&page_size=10 HTTP/1.1" 200 3067
[10/Aug/2026 19:21:50] "GET /api/visits/?page=1&page_size=10 HTTP/1.1" 200 3067
[10/Aug/2026 19:21:50] "GET /api/vehicles/?page=1&page_size=10 HTTP/1.1" 200 2891
[10/Aug/2026 19:22:04] "POST /api/vehicles/ HTTP/1.1" 201 285
[10/Aug/2026 19:22:04] "GET /api/vehicles/?page=1&page_size=10 HTTP/1.1" 200 2891
[10/Aug/2026 19:22:23] "GET /api/vehicles/?page=1&page_size=10 HTTP/1.1" 200 2891
[10/Aug/2026 19:22:23] "GET /api/visits/?page=1&page_size=10 HTTP/1.1" 200 3067
[10/Aug/2026 19:22:23] "GET /api/vehicles/?page=1&page_size=10 HTTP/1.1" 200 2891
[10/Aug/2026 19:22:23] "GET /api/visits/?page=1&page_size=10 HTTP/1.1" 200 3067
[10/Aug/2026 19:22:41] "GET /api/vehicles/?page=1&page_size=10 HTTP/1.1" 200 2891
[10/Aug/2026 19:22:41] "GET /api/visits/?page=1&page_size=10 HTTP/1.1" 200 3067
[10/Aug/2026 19:22:41] "GET /api/visits/?page=1&page_size=10 HTTP/1.1" 200 3067
[10/Aug/2026 19:22:41] "GET /api/vehicles/?page=1&page_size=10 HTTP/1.1" 200 2891
[10/Aug/2026 19:23:14] "GET /api/vehicles/?page=1&page_size=10 HTTP/1.1" 200 2891
[10/Aug/2026 19:23:14] "GET /api/visits/?page=1&page_size=10 HTTP/1.1" 200 3067
[10/Aug/2026 19:23:14] "GET /api/vehicles/?page=1&page_size=10 HTTP/1.1" 200 2891
[10/Aug/2026 19:23:14] "GET /api/visits/?page=1&page_size=10 HTTP/1.1" 200 3067
[10/Aug/2026 19:29:51] "GET /api/vehicles/?page=1&page_size=10 HTTP/1.1" 200 2891
[10/Aug/2026 19:29:51] "GET /api/visits/?page=1&page_size=10 HTTP/1.1" 200 3067
[10/Aug/2026 19:29:51] "GET /api/vehicles/?page=1&page_size=10 HTTP/1.1" 200 2891
[10/Aug/2026 19:29:51] "GET /api/visits/?page=1&page_size=10 HTTP/1.1" 200 3067
[10/Aug/2026 19:29:59] "POST /api/vehicles/ HTTP/1.1" 201 281
[10/Aug/2026 19:29:59] "GET /api/vehicles/?page=1&page_size=10 HTTP/1.1" 200 2891
[10/Aug/2026 19:30:12] "POST /api/vehicles/ HTTP/1.1" 201 305
[10/Aug/2026 19:30:12] "GET /api/vehicles/?search=Veh%C3%ADculo+Donnelly+1786408212135-tOzxHD HTTP/1.1" 200 357
[10/Aug/2026 19:30:12] "DELETE /api/vehicles/25/ HTTP/1.1" 204 0
[10/Aug/2026 19:30:12] "GET /api/vehicles/?page=1&page_size=10 HTTP/1.1" 200 2891
[10/Aug/2026 19:30:12] "GET /api/visits/?page=1&page_size=10 HTTP/1.1" 200 3067
[10/Aug/2026 19:30:12] "GET /api/visits/?page=1&page_size=10 HTTP/1.1" 200 3067
[10/Aug/2026 19:30:12] "GET /api/vehicles/?page=1&page_size=10 HTTP/1.1" 200 2891
[10/Aug/2026 19:30:13] "POST /api/vehicles/ HTTP/1.1" 201 302
[10/Aug/2026 19:30:13] "GET /api/vehicles/?page=1&page_size=10 HTTP/1.1" 200 2891
[10/Aug/2026 19:30:24,029] - Broken pipe from ('127.0.0.1', 57093)
[10/Aug/2026 19:30:25] "GET /api/vehicles/?page=1&page_size=10 HTTP/1.1" 200 2891
[10/Aug/2026 19:30:25] "GET /api/vehicles/?page=1&page_size=10 HTTP/1.1" 200 2891
[10/Aug/2026 19:30:25] "GET /api/visits/?page=1&page_size=10 HTTP/1.1" 200 3067
[10/Aug/2026 19:30:25] "GET /api/visits/?page=1&page_size=10 HTTP/1.1" 200 3067
[10/Aug/2026 19:30:25] "POST /api/vehicles/ HTTP/1.1" 201 303
[10/Aug/2026 19:30:25] "GET /api/vehicles/?page=1&page_size=10 HTTP/1.1" 200 2891
[10/Aug/2026 19:30:36] "POST /api/visits/ HTTP/1.1" 201 305
[10/Aug/2026 19:30:36] "GET /api/visits/?search=Visita+West+Fernandoburgh+1786408236475-v7Qy7d HTTP/1.1" 200 357
[10/Aug/2026 19:30:36] "PATCH /api/visits/131/ HTTP/1.1" 200 301
[10/Aug/2026 19:30:36] "DELETE /api/visits/131/ HTTP/1.1" 204 0
[10/Aug/2026 19:30:36,594] - Broken pipe from ('127.0.0.1', 50667)
[10/Aug/2026 19:30:37] "POST /api/vehicles/ HTTP/1.1" 201 301
[10/Aug/2026 19:30:37] "POST /api/visits/ HTTP/1.1" 201 298
W0000 00:00:1786408238.289103   20344 routing.cc:6421] GUIDED_LOCAL_SEARCH specified without sane timeout: solve may run forever.
[10/Aug/2026 19:30:38] "POST /api/optimizations/ HTTP/1.1" 201 865
[10/Aug/2026 19:30:38] "GET /api/optimizations/13/ HTTP/1.1" 200 842
[10/Aug/2026 19:30:38] "POST /api/optimizations/13/confirm/ HTTP/1.1" 200 869
[10/Aug/2026 19:30:38] "POST /api/optimizations/13/stops/375/deliver/ HTTP/1.1" 200 896
[10/Aug/2026 19:30:38] "POST /api/optimizations/13/complete/ HTTP/1.1" 200 921
[10/Aug/2026 19:30:38] "DELETE /api/optimizations/13/ HTTP/1.1" 204 0
[10/Aug/2026 19:30:38] "DELETE /api/vehicles/28/ HTTP/1.1" 204 0
[10/Aug/2026 19:30:38] "DELETE /api/visits/132/ HTTP/1.1" 204 0
[10/Aug/2026 19:30:38] "POST /api/vehicles/ HTTP/1.1" 201 302
[10/Aug/2026 19:30:38] "POST /api/visits/ HTTP/1.1" 201 296
W0000 00:00:1786408240.096356   20344 routing.cc:6421] GUIDED_LOCAL_SEARCH specified without sane timeout: solve may run forever.
[10/Aug/2026 19:30:40] "POST /api/optimizations/ HTTP/1.1" 201 862
[10/Aug/2026 19:30:40] "GET /api/available/resources/?date=2026-08-12 HTTP/1.1" 200 40669
[10/Aug/2026 19:30:40] "POST /api/optimizations/14/cancel/ HTTP/1.1" 200 841
[10/Aug/2026 19:30:40] "GET /api/available/resources/?date=2026-08-12 HTTP/1.1" 200 41269
[10/Aug/2026 19:30:40] "DELETE /api/optimizations/14/ HTTP/1.1" 204 0
[10/Aug/2026 19:30:40] "DELETE /api/vehicles/29/ HTTP/1.1" 204 0
[10/Aug/2026 19:30:40] "DELETE /api/visits/133/ HTTP/1.1" 204 0
Bad Request: /api/optimizations/
[10/Aug/2026 19:30:40] "POST /api/optimizations/ HTTP/1.1" 400 52
Bad Request: /api/vehicles/
[10/Aug/2026 19:30:40] "POST /api/vehicles/ HTTP/1.1" 400 127
Bad Request: /api/visits/
[10/Aug/2026 19:30:40] "POST /api/visits/ HTTP/1.1" 400 127
[10/Aug/2026 19:30:40] "POST /api/visits/ HTTP/1.1" 201 298
[10/Aug/2026 19:30:40] "GET /api/visits/134/ HTTP/1.1" 200 298
[10/Aug/2026 19:30:40] "DELETE /api/visits/134/ HTTP/1.1" 204 0
[10/Aug/2026 19:30:40,493] - Broken pipe from ('127.0.0.1', 50668)
[10/Aug/2026 19:30:41] "POST /api/vehicles/ HTTP/1.1" 201 306
[10/Aug/2026 19:30:41] "GET /api/vehicles/?search=Veh%C3%ADculo+Cummings+1786408241284-sNM7GP HTTP/1.1" 200 358
[10/Aug/2026 19:30:41] "DELETE /api/vehicles/30/ HTTP/1.1" 204 0
[10/Aug/2026 19:30:41] "GET /api/visits/?page=1&page_size=10 HTTP/1.1" 200 3067
[10/Aug/2026 19:30:41] "GET /api/vehicles/?page=1&page_size=10 HTTP/1.1" 200 2891
[10/Aug/2026 19:30:41] "GET /api/vehicles/?page=1&page_size=10 HTTP/1.1" 200 2891
[10/Aug/2026 19:30:41] "GET /api/visits/?page=1&page_size=10 HTTP/1.1" 200 3067
[10/Aug/2026 19:30:41] "POST /api/vehicles/ HTTP/1.1" 201 307
[10/Aug/2026 19:30:41] "GET /api/vehicles/?page=1&page_size=10 HTTP/1.1" 200 2891
[10/Aug/2026 19:30:52,305] - Broken pipe from ('127.0.0.1', 50671)
[10/Aug/2026 19:30:53] "POST /api/visits/ HTTP/1.1" 201 297
[10/Aug/2026 19:30:53] "GET /api/visits/?search=Visita+Miachester+1786408253055-3rCE0R HTTP/1.1" 200 349
[10/Aug/2026 19:30:53] "PATCH /api/visits/135/ HTTP/1.1" 200 294
[10/Aug/2026 19:30:53] "DELETE /api/visits/135/ HTTP/1.1" 204 0
[10/Aug/2026 19:30:53,160] - Broken pipe from ('127.0.0.1', 63386)
[10/Aug/2026 19:31:15] "GET /api/vehicles/?page=1&page_size=10 HTTP/1.1" 200 2891
[10/Aug/2026 19:31:15] "GET /api/visits/?page=1&page_size=10 HTTP/1.1" 200 3067
[10/Aug/2026 19:31:15] "GET /api/vehicles/?page=1&page_size=10 HTTP/1.1" 200 2891
[10/Aug/2026 19:31:15] "GET /api/visits/?page=1&page_size=10 HTTP/1.1" 200 3067
[10/Aug/2026 19:31:23] "GET /api/vehicles/?page=1&page_size=10&search=Veh%C3%ADculo+Fix+QA HTTP/1.1" 200 333
[10/Aug/2026 19:31:35] "POST /api/vehicles/ HTTP/1.1" 201 303
[10/Aug/2026 19:31:35] "GET /api/vehicles/?search=Veh%C3%ADculo+Terry+1786408295717-OoWnjc HTTP/1.1" 200 355
[10/Aug/2026 19:31:35] "DELETE /api/vehicles/32/ HTTP/1.1" 204 0
[10/Aug/2026 19:31:36] "GET /api/vehicles/?page=1&page_size=10 HTTP/1.1" 200 2891
[10/Aug/2026 19:31:36] "GET /api/vehicles/?page=1&page_size=10 HTTP/1.1" 200 2891
[10/Aug/2026 19:31:36] "GET /api/visits/?page=1&page_size=10 HTTP/1.1" 200 3067
[10/Aug/2026 19:31:36] "GET /api/visits/?page=1&page_size=10 HTTP/1.1" 200 3067
[10/Aug/2026 19:31:37] "POST /api/vehicles/ HTTP/1.1" 201 304
[10/Aug/2026 19:31:37] "GET /api/vehicles/?page=1&page_size=10 HTTP/1.1" 200 2891
[10/Aug/2026 19:31:37] "GET /api/vehicles/?page=1&page_size=10&search=Veh%C3%ADculo+Ritchie+1786408295961-rcpDLm HTTP/1.1" 200 356
[10/Aug/2026 19:31:37] "DELETE /api/vehicles/33/ HTTP/1.1" 204 0
[10/Aug/2026 19:31:37] "GET /api/vehicles/?page=1&page_size=10&search=Veh%C3%ADculo+Ritchie+1786408295961-rcpDLm HTTP/1.1" 200 52
Not Found: /api/vehicles/33/
[10/Aug/2026 19:31:37] "DELETE /api/vehicles/33/ HTTP/1.1" 404 48
[10/Aug/2026 19:31:37] "GET /api/visits/?page=1&page_size=10 HTTP/1.1" 200 3067
[10/Aug/2026 19:31:37] "GET /api/vehicles/?page=1&page_size=10 HTTP/1.1" 200 2891
[10/Aug/2026 19:31:37] "GET /api/visits/?page=1&page_size=10 HTTP/1.1" 200 3067
[10/Aug/2026 19:31:37] "GET /api/vehicles/?page=1&page_size=10 HTTP/1.1" 200 2891
[10/Aug/2026 19:31:38] "POST /api/vehicles/ HTTP/1.1" 201 306
[10/Aug/2026 19:31:38] "GET /api/vehicles/?page=1&page_size=10 HTTP/1.1" 200 2891
[10/Aug/2026 19:31:38] "GET /api/vehicles/?page=1&page_size=10&search=Veh%C3%ADculo+Dickinson+1786408297687-T92r8o HTTP/1.1" 200 358
[10/Aug/2026 19:31:38] "DELETE /api/vehicles/34/ HTTP/1.1" 204 0
[10/Aug/2026 19:31:38] "POST /api/visits/ HTTP/1.1" 201 302
[10/Aug/2026 19:31:38] "GET /api/visits/?search=Visita+Grantborough+1786408298200-CARv6E HTTP/1.1" 200 354
[10/Aug/2026 19:31:38] "PATCH /api/visits/136/ HTTP/1.1" 200 296
[10/Aug/2026 19:31:38] "DELETE /api/visits/136/ HTTP/1.1" 204 0
[10/Aug/2026 19:31:38,329] - Broken pipe from ('127.0.0.1', 61557)
[10/Aug/2026 19:31:39] "POST /api/vehicles/ HTTP/1.1" 201 305
[10/Aug/2026 19:31:39] "POST /api/visits/ HTTP/1.1" 201 295
W0000 00:00:1786408299.903923   23740 routing.cc:6421] GUIDED_LOCAL_SEARCH specified without sane timeout: solve may run forever.
[10/Aug/2026 19:31:39] "POST /api/optimizations/ HTTP/1.1" 201 864
[10/Aug/2026 19:31:39] "GET /api/optimizations/15/ HTTP/1.1" 200 841
[10/Aug/2026 19:31:39] "POST /api/optimizations/15/confirm/ HTTP/1.1" 200 868
[10/Aug/2026 19:31:39] "POST /api/optimizations/15/stops/377/deliver/ HTTP/1.1" 200 895
[10/Aug/2026 19:31:40] "POST /api/optimizations/15/complete/ HTTP/1.1" 200 920
[10/Aug/2026 19:31:40] "DELETE /api/optimizations/15/ HTTP/1.1" 204 0
[10/Aug/2026 19:31:40] "DELETE /api/vehicles/35/ HTTP/1.1" 204 0
[10/Aug/2026 19:31:40] "DELETE /api/visits/137/ HTTP/1.1" 204 0
[10/Aug/2026 19:31:40] "POST /api/vehicles/ HTTP/1.1" 201 302
[10/Aug/2026 19:31:40] "POST /api/visits/ HTTP/1.1" 201 297
W0000 00:00:1786408300.931299   23740 routing.cc:6421] GUIDED_LOCAL_SEARCH specified without sane timeout: solve may run forever.
[10/Aug/2026 19:31:40] "POST /api/optimizations/ HTTP/1.1" 201 866
[10/Aug/2026 19:31:40] "GET /api/available/resources/?date=2026-08-12 HTTP/1.1" 200 40977
[10/Aug/2026 19:31:41] "POST /api/optimizations/16/cancel/ HTTP/1.1" 200 845
[10/Aug/2026 19:31:41] "GET /api/available/resources/?date=2026-08-12 HTTP/1.1" 200 41578
[10/Aug/2026 19:31:41] "DELETE /api/optimizations/16/ HTTP/1.1" 204 0
[10/Aug/2026 19:31:41] "DELETE /api/vehicles/36/ HTTP/1.1" 204 0
[10/Aug/2026 19:31:41] "DELETE /api/visits/138/ HTTP/1.1" 204 0
Bad Request: /api/optimizations/
[10/Aug/2026 19:31:41] "POST /api/optimizations/ HTTP/1.1" 400 52
Bad Request: /api/vehicles/
[10/Aug/2026 19:31:41] "POST /api/vehicles/ HTTP/1.1" 400 127
Bad Request: /api/visits/
[10/Aug/2026 19:31:41] "POST /api/visits/ HTTP/1.1" 400 127
[10/Aug/2026 19:31:41] "POST /api/visits/ HTTP/1.1" 201 298
[10/Aug/2026 19:31:41] "GET /api/visits/139/ HTTP/1.1" 200 298
[10/Aug/2026 19:31:41] "DELETE /api/visits/139/ HTTP/1.1" 204 0
[10/Aug/2026 19:31:41,253] - Broken pipe from ('127.0.0.1', 64283)
[10/Aug/2026 19:31:42] "POST /api/vehicles/ HTTP/1.1" 201 301
[10/Aug/2026 19:31:42] "GET /api/vehicles/?search=Veh%C3%ADculo+Metz+1786408301991-Csfaxc HTTP/1.1" 200 353
[10/Aug/2026 19:31:42] "DELETE /api/vehicles/37/ HTTP/1.1" 204 0
[10/Aug/2026 19:31:42] "GET /api/vehicles/?page=1&page_size=10 HTTP/1.1" 200 2891
[10/Aug/2026 19:31:42] "GET /api/visits/?page=1&page_size=10 HTTP/1.1" 200 3067
[10/Aug/2026 19:31:42] "GET /api/visits/?page=1&page_size=10 HTTP/1.1" 200 3067
[10/Aug/2026 19:31:42] "GET /api/vehicles/?page=1&page_size=10 HTTP/1.1" 200 2891
[10/Aug/2026 19:31:42] "POST /api/vehicles/ HTTP/1.1" 201 302
[10/Aug/2026 19:31:42] "GET /api/vehicles/?page=1&page_size=10 HTTP/1.1" 200 2891
[10/Aug/2026 19:31:42] "GET /api/vehicles/?page=1&page_size=10&search=Veh%C3%ADculo+Harris+1786408302244-NMi1Qk HTTP/1.1" 200 354
[10/Aug/2026 19:31:42] "DELETE /api/vehicles/38/ HTTP/1.1" 204 0
[10/Aug/2026 19:31:42] "GET /api/vehicles/?page=1&page_size=10&search=Veh%C3%ADculo+Harris+1786408302244-NMi1Qk HTTP/1.1" 200 52
Not Found: /api/vehicles/38/
[10/Aug/2026 19:31:42] "DELETE /api/vehicles/38/ HTTP/1.1" 404 48
[10/Aug/2026 19:31:42] "POST /api/visits/ HTTP/1.1" 201 299
[10/Aug/2026 19:31:42] "GET /api/visits/?search=Visita+North+Werner+1786408302918-R106px HTTP/1.1" 200 351
[10/Aug/2026 19:31:42] "PATCH /api/visits/140/ HTTP/1.1" 200 293
[10/Aug/2026 19:31:42] "DELETE /api/visits/140/ HTTP/1.1" 204 0
[10/Aug/2026 19:31:43,038] - Broken pipe from ('127.0.0.1', 64286)
[10/Aug/2026 19:32:47] "POST /api/vehicles/ HTTP/1.1" 201 303
[10/Aug/2026 19:32:47] "GET /api/vehicles/?search=Veh%C3%ADculo+Effertz+1786408367338-Jn6spO HTTP/1.1" 200 355
[10/Aug/2026 19:32:47] "DELETE /api/vehicles/39/ HTTP/1.1" 204 0
[10/Aug/2026 19:32:47] "GET /api/visits/?page=1&page_size=10 HTTP/1.1" 200 3067
[10/Aug/2026 19:32:47] "GET /api/vehicles/?page=1&page_size=10 HTTP/1.1" 200 2891
[10/Aug/2026 19:32:47] "GET /api/visits/?page=1&page_size=10 HTTP/1.1" 200 3067
[10/Aug/2026 19:32:47] "GET /api/vehicles/?page=1&page_size=10 HTTP/1.1" 200 2891
[10/Aug/2026 19:32:48] "POST /api/vehicles/ HTTP/1.1" 201 305
[10/Aug/2026 19:32:48] "GET /api/vehicles/?page=1&page_size=10 HTTP/1.1" 200 2891
[10/Aug/2026 19:32:49] "GET /api/vehicles/?page=1&page_size=10&search=Veh%C3%ADculo+Prohaska+1786408367565-zfUgNB HTTP/1.1" 200 357
[10/Aug/2026 19:32:49] "DELETE /api/vehicles/40/ HTTP/1.1" 204 0
[10/Aug/2026 19:32:49] "GET /api/vehicles/?page=1&page_size=10&search=Veh%C3%ADculo+Prohaska+1786408367565-zfUgNB HTTP/1.1" 200 52
Not Found: /api/vehicles/40/
[10/Aug/2026 19:32:49] "DELETE /api/vehicles/40/ HTTP/1.1" 404 48
[10/Aug/2026 19:32:49] "GET /api/visits/?page=1&page_size=10 HTTP/1.1" 200 3067
[10/Aug/2026 19:32:49] "GET /api/vehicles/?page=1&page_size=10 HTTP/1.1" 200 2891
[10/Aug/2026 19:32:49] "GET /api/visits/?page=1&page_size=10 HTTP/1.1" 200 3067
[10/Aug/2026 19:32:49] "GET /api/vehicles/?page=1&page_size=10 HTTP/1.1" 200 2891
[10/Aug/2026 19:32:49] "POST /api/vehicles/ HTTP/1.1" 201 306
[10/Aug/2026 19:32:49] "GET /api/vehicles/?page=1&page_size=10 HTTP/1.1" 200 2891
[10/Aug/2026 19:32:49] "GET /api/vehicles/?page=1&page_size=10&search=Veh%C3%ADculo+Greenholt+1786408369233-O864wN HTTP/1.1" 200 358
[10/Aug/2026 19:32:49] "DELETE /api/vehicles/41/ HTTP/1.1" 204 0
[10/Aug/2026 19:32:49] "POST /api/visits/ HTTP/1.1" 201 295
[10/Aug/2026 19:32:49] "GET /api/visits/?search=Visita+Memphis+1786408369771-EWl1Qb HTTP/1.1" 200 347
[10/Aug/2026 19:32:49] "PATCH /api/visits/141/ HTTP/1.1" 200 291
[10/Aug/2026 19:32:49] "DELETE /api/visits/141/ HTTP/1.1" 204 0
[10/Aug/2026 19:32:49,905] - Broken pipe from ('127.0.0.1', 49781)
[10/Aug/2026 19:32:50] "POST /api/vehicles/ HTTP/1.1" 201 306
[10/Aug/2026 19:32:50] "POST /api/visits/ HTTP/1.1" 201 299
W0000 00:00:1786408371.532288   23820 routing.cc:6421] GUIDED_LOCAL_SEARCH specified without sane timeout: solve may run forever.
[10/Aug/2026 19:32:51] "POST /api/optimizations/ HTTP/1.1" 201 870
[10/Aug/2026 19:32:51] "GET /api/optimizations/17/ HTTP/1.1" 200 847
[10/Aug/2026 19:32:51] "POST /api/optimizations/17/confirm/ HTTP/1.1" 200 874
[10/Aug/2026 19:32:51] "POST /api/optimizations/17/stops/379/deliver/ HTTP/1.1" 200 901
[10/Aug/2026 19:32:51] "POST /api/optimizations/17/complete/ HTTP/1.1" 200 926
[10/Aug/2026 19:32:51] "DELETE /api/optimizations/17/ HTTP/1.1" 204 0
[10/Aug/2026 19:32:51] "DELETE /api/vehicles/42/ HTTP/1.1" 204 0
[10/Aug/2026 19:32:51] "DELETE /api/visits/142/ HTTP/1.1" 204 0
[10/Aug/2026 19:32:51] "POST /api/vehicles/ HTTP/1.1" 201 302
[10/Aug/2026 19:32:51] "POST /api/visits/ HTTP/1.1" 201 295
W0000 00:00:1786408372.572143   23820 routing.cc:6421] GUIDED_LOCAL_SEARCH specified without sane timeout: solve may run forever.
[10/Aug/2026 19:32:52] "POST /api/optimizations/ HTTP/1.1" 201 861
[10/Aug/2026 19:32:52] "GET /api/available/resources/?date=2026-08-12 HTTP/1.1" 200 40977
[10/Aug/2026 19:32:52] "POST /api/optimizations/18/cancel/ HTTP/1.1" 200 840
[10/Aug/2026 19:32:52] "GET /api/available/resources/?date=2026-08-12 HTTP/1.1" 200 41576
[10/Aug/2026 19:32:52] "DELETE /api/optimizations/18/ HTTP/1.1" 204 0
[10/Aug/2026 19:32:52] "DELETE /api/vehicles/43/ HTTP/1.1" 204 0
[10/Aug/2026 19:32:52] "DELETE /api/visits/143/ HTTP/1.1" 204 0
Bad Request: /api/optimizations/
[10/Aug/2026 19:32:52] "POST /api/optimizations/ HTTP/1.1" 400 52
Bad Request: /api/vehicles/
[10/Aug/2026 19:32:52] "POST /api/vehicles/ HTTP/1.1" 400 127
Bad Request: /api/visits/
[10/Aug/2026 19:32:52] "POST /api/visits/ HTTP/1.1" 400 127
[10/Aug/2026 19:32:52] "POST /api/visits/ HTTP/1.1" 201 301
[10/Aug/2026 19:32:52] "GET /api/visits/144/ HTTP/1.1" 200 301
[10/Aug/2026 19:32:52] "DELETE /api/visits/144/ HTTP/1.1" 204 0
[10/Aug/2026 19:32:52,895] - Broken pipe from ('127.0.0.1', 63431)
[10/Aug/2026 19:32:53] "POST /api/vehicles/ HTTP/1.1" 201 304
[10/Aug/2026 19:32:53] "GET /api/vehicles/?search=Veh%C3%ADculo+Sanford+1786408373625-nRRoYc HTTP/1.1" 200 356
[10/Aug/2026 19:32:53] "DELETE /api/vehicles/44/ HTTP/1.1" 204 0
[10/Aug/2026 19:32:54] "GET /api/vehicles/?page=1&page_size=10 HTTP/1.1" 200 2891
[10/Aug/2026 19:32:54] "GET /api/visits/?page=1&page_size=10 HTTP/1.1" 200 3067
[10/Aug/2026 19:32:54] "GET /api/vehicles/?page=1&page_size=10 HTTP/1.1" 200 2891
[10/Aug/2026 19:32:54] "GET /api/visits/?page=1&page_size=10 HTTP/1.1" 200 3067
[10/Aug/2026 19:32:54] "POST /api/vehicles/ HTTP/1.1" 201 315
[10/Aug/2026 19:32:54] "GET /api/vehicles/?page=1&page_size=10 HTTP/1.1" 200 2891
[10/Aug/2026 19:32:54] "GET /api/vehicles/?page=1&page_size=10&search=Veh%C3%ADculo+Hodkiewicz-Reichel+1786408373872-TedmFG HTTP/1.1" 200 367
[10/Aug/2026 19:32:54] "DELETE /api/vehicles/45/ HTTP/1.1" 204 0
[10/Aug/2026 19:32:54] "GET /api/vehicles/?page=1&page_size=10&search=Veh%C3%ADculo+Hodkiewicz-Reichel+1786408373872-TedmFG HTTP/1.1" 200 52
Not Found: /api/vehicles/45/
[10/Aug/2026 19:32:54] "DELETE /api/vehicles/45/ HTTP/1.1" 404 48
[10/Aug/2026 19:32:54] "POST /api/visits/ HTTP/1.1" 201 298
[10/Aug/2026 19:32:54] "GET /api/visits/?search=Visita+Wilkinsonstead+1786408374512-oxn5wW HTTP/1.1" 200 350
[10/Aug/2026 19:32:54] "PATCH /api/visits/145/ HTTP/1.1" 200 296
[10/Aug/2026 19:32:54] "DELETE /api/visits/145/ HTTP/1.1" 204 0
[10/Aug/2026 19:32:54,632] - Broken pipe from ('127.0.0.1', 63434)
[10/Aug/2026 19:33:28] "POST /api/vehicles/ HTTP/1.1" 201 305
[10/Aug/2026 19:33:28] "GET /api/vehicles/?search=Veh%C3%ADculo+Shields+1786408408223-4c79R6 HTTP/1.1" 200 357
[10/Aug/2026 19:33:28] "DELETE /api/vehicles/46/ HTTP/1.1" 204 0
[10/Aug/2026 19:33:28] "GET /api/visits/?page=1&page_size=10 HTTP/1.1" 200 3067
[10/Aug/2026 19:33:28] "GET /api/vehicles/?page=1&page_size=10 HTTP/1.1" 200 2891
[10/Aug/2026 19:33:28] "GET /api/visits/?page=1&page_size=10 HTTP/1.1" 200 3067
[10/Aug/2026 19:33:28] "GET /api/vehicles/?page=1&page_size=10 HTTP/1.1" 200 2891
[10/Aug/2026 19:33:29] "POST /api/vehicles/ HTTP/1.1" 201 305
[10/Aug/2026 19:33:29] "GET /api/vehicles/?page=1&page_size=10 HTTP/1.1" 200 2891
[10/Aug/2026 19:33:29] "GET /api/vehicles/?page=1&page_size=10&search=Veh%C3%ADculo+Cummerata+1786408408462-sMgfvS HTTP/1.1" 200 357
[10/Aug/2026 19:33:30] "DELETE /api/vehicles/47/ HTTP/1.1" 204 0
[10/Aug/2026 19:33:30] "GET /api/vehicles/?page=1&page_size=10&search=Veh%C3%ADculo+Cummerata+1786408408462-sMgfvS HTTP/1.1" 200 52
Not Found: /api/vehicles/47/
[10/Aug/2026 19:33:30] "DELETE /api/vehicles/47/ HTTP/1.1" 404 48
[10/Aug/2026 19:33:30] "GET /api/vehicles/?page=1&page_size=10 HTTP/1.1" 200 2891
[10/Aug/2026 19:33:30] "GET /api/visits/?page=1&page_size=10 HTTP/1.1" 200 3067
[10/Aug/2026 19:33:30] "GET /api/vehicles/?page=1&page_size=10 HTTP/1.1" 200 2891
[10/Aug/2026 19:33:30] "GET /api/visits/?page=1&page_size=10 HTTP/1.1" 200 3067
[10/Aug/2026 19:33:30] "POST /api/vehicles/ HTTP/1.1" 201 303
[10/Aug/2026 19:33:30] "GET /api/vehicles/?page=1&page_size=10 HTTP/1.1" 200 2891
[10/Aug/2026 19:33:30] "GET /api/vehicles/?page=1&page_size=10&search=Veh%C3%ADculo+Adams+1786408410148-rU6V5r HTTP/1.1" 200 355
[10/Aug/2026 19:33:30] "DELETE /api/vehicles/48/ HTTP/1.1" 204 0
[10/Aug/2026 19:33:30] "POST /api/visits/ HTTP/1.1" 201 307
[10/Aug/2026 19:33:30] "GET /api/visits/?search=Visita+West+Norbertostead+1786408410725-0OK8ne HTTP/1.1" 200 359
[10/Aug/2026 19:33:30] "PATCH /api/visits/146/ HTTP/1.1" 200 300
[10/Aug/2026 19:33:30] "DELETE /api/visits/146/ HTTP/1.1" 204 0
[10/Aug/2026 19:33:30,875] - Broken pipe from ('127.0.0.1', 65058)
[10/Aug/2026 19:33:31] "POST /api/vehicles/ HTTP/1.1" 201 302
[10/Aug/2026 19:33:31] "POST /api/visits/ HTTP/1.1" 201 293
W0000 00:00:1786408412.494167    8620 routing.cc:6421] GUIDED_LOCAL_SEARCH specified without sane timeout: solve may run forever.
[10/Aug/2026 19:33:32] "POST /api/optimizations/ HTTP/1.1" 201 859
[10/Aug/2026 19:33:32] "GET /api/optimizations/19/ HTTP/1.1" 200 836
[10/Aug/2026 19:33:32] "POST /api/optimizations/19/confirm/ HTTP/1.1" 200 863
[10/Aug/2026 19:33:32] "POST /api/optimizations/19/stops/381/deliver/ HTTP/1.1" 200 890
[10/Aug/2026 19:33:32] "POST /api/optimizations/19/complete/ HTTP/1.1" 200 915
[10/Aug/2026 19:33:32] "DELETE /api/optimizations/19/ HTTP/1.1" 204 0
[10/Aug/2026 19:33:32] "DELETE /api/vehicles/49/ HTTP/1.1" 204 0
[10/Aug/2026 19:33:32] "DELETE /api/visits/147/ HTTP/1.1" 204 0
[10/Aug/2026 19:33:32] "POST /api/vehicles/ HTTP/1.1" 201 302
[10/Aug/2026 19:33:32] "POST /api/visits/ HTTP/1.1" 201 298
W0000 00:00:1786408413.688447    8620 routing.cc:6421] GUIDED_LOCAL_SEARCH specified without sane timeout: solve may run forever.
[10/Aug/2026 19:33:33] "POST /api/optimizations/ HTTP/1.1" 201 865
[10/Aug/2026 19:33:33] "GET /api/available/resources/?date=2026-08-12 HTTP/1.1" 200 40977
[10/Aug/2026 19:33:33] "POST /api/optimizations/20/cancel/ HTTP/1.1" 200 844
[10/Aug/2026 19:33:33] "GET /api/available/resources/?date=2026-08-12 HTTP/1.1" 200 41579
[10/Aug/2026 19:33:33] "DELETE /api/optimizations/20/ HTTP/1.1" 204 0
[10/Aug/2026 19:33:33] "DELETE /api/vehicles/50/ HTTP/1.1" 204 0
[10/Aug/2026 19:33:33] "DELETE /api/visits/148/ HTTP/1.1" 204 0
Bad Request: /api/optimizations/
[10/Aug/2026 19:33:33] "POST /api/optimizations/ HTTP/1.1" 400 52
Bad Request: /api/vehicles/
[10/Aug/2026 19:33:33] "POST /api/vehicles/ HTTP/1.1" 400 127
Bad Request: /api/visits/
[10/Aug/2026 19:33:33] "POST /api/visits/ HTTP/1.1" 400 127
[10/Aug/2026 19:33:33] "POST /api/visits/ HTTP/1.1" 201 304
[10/Aug/2026 19:33:33] "GET /api/visits/149/ HTTP/1.1" 200 304
[10/Aug/2026 19:33:34] "DELETE /api/visits/149/ HTTP/1.1" 204 0
[10/Aug/2026 19:33:34,037] - Broken pipe from ('127.0.0.1', 57862)
[10/Aug/2026 19:33:34] "POST /api/vehicles/ HTTP/1.1" 201 304
[10/Aug/2026 19:33:34] "GET /api/vehicles/?search=Veh%C3%ADculo+Schmitt+1786408414768-gf2rxl HTTP/1.1" 200 356
[10/Aug/2026 19:33:34] "DELETE /api/vehicles/51/ HTTP/1.1" 204 0
[10/Aug/2026 19:33:35] "GET /api/vehicles/?page=1&page_size=10 HTTP/1.1" 200 2891
[10/Aug/2026 19:33:35] "GET /api/visits/?page=1&page_size=10 HTTP/1.1" 200 3067
[10/Aug/2026 19:33:35] "GET /api/vehicles/?page=1&page_size=10 HTTP/1.1" 200 2891
[10/Aug/2026 19:33:35] "GET /api/visits/?page=1&page_size=10 HTTP/1.1" 200 3067
[10/Aug/2026 19:33:35] "POST /api/vehicles/ HTTP/1.1" 201 305
[10/Aug/2026 19:33:35] "GET /api/vehicles/?page=1&page_size=10 HTTP/1.1" 200 2891
[10/Aug/2026 19:33:35] "GET /api/vehicles/?page=1&page_size=10&search=Veh%C3%ADculo+Labadie+1786408415008-jZrSfC HTTP/1.1" 200 357
[10/Aug/2026 19:33:35] "DELETE /api/vehicles/52/ HTTP/1.1" 204 0
[10/Aug/2026 19:33:35] "GET /api/vehicles/?page=1&page_size=10&search=Veh%C3%ADculo+Labadie+1786408415008-jZrSfC HTTP/1.1" 200 52
Not Found: /api/vehicles/52/
[10/Aug/2026 19:33:35] "DELETE /api/vehicles/52/ HTTP/1.1" 404 48
[10/Aug/2026 19:33:35] "POST /api/visits/ HTTP/1.1" 201 304
[10/Aug/2026 19:33:35] "GET /api/visits/?search=Visita+Downers+Grove+1786408415636-l4vXrh HTTP/1.1" 200 356
[10/Aug/2026 19:33:35] "PATCH /api/visits/150/ HTTP/1.1" 200 296
[10/Aug/2026 19:33:35] "DELETE /api/visits/150/ HTTP/1.1" 204 0
[10/Aug/2026 19:33:35,748] - Broken pipe from ('127.0.0.1', 57866)
[10/Aug/2026 19:37:19] "POST /api/vehicles/ HTTP/1.1" 201 303
[10/Aug/2026 19:37:19] "GET /api/vehicles/?search=Veh%C3%ADculo+Ebert+1786408639861-dz49qs HTTP/1.1" 200 355
[10/Aug/2026 19:37:19] "DELETE /api/vehicles/53/ HTTP/1.1" 204 0
[10/Aug/2026 19:37:20] "GET /api/visits/?page=1&page_size=10 HTTP/1.1" 200 3067
[10/Aug/2026 19:37:20] "GET /api/vehicles/?page=1&page_size=10 HTTP/1.1" 200 2891
[10/Aug/2026 19:37:20] "GET /api/visits/?page=1&page_size=10 HTTP/1.1" 200 3067
[10/Aug/2026 19:37:20] "GET /api/vehicles/?page=1&page_size=10 HTTP/1.1" 200 2891
[10/Aug/2026 19:37:21] "POST /api/vehicles/ HTTP/1.1" 201 305
[10/Aug/2026 19:37:21] "GET /api/vehicles/?page=1&page_size=10 HTTP/1.1" 200 2891
[10/Aug/2026 19:37:21] "GET /api/vehicles/?page=1&page_size=10&search=Veh%C3%ADculo+Thompson+1786408640100-r4l62J HTTP/1.1" 200 357
[10/Aug/2026 19:37:21] "DELETE /api/vehicles/54/ HTTP/1.1" 204 0
[10/Aug/2026 19:37:21] "GET /api/vehicles/?page=1&page_size=10&search=Veh%C3%ADculo+Thompson+1786408640100-r4l62J HTTP/1.1" 200 52
Not Found: /api/vehicles/54/
[10/Aug/2026 19:37:21] "DELETE /api/vehicles/54/ HTTP/1.1" 404 48
[10/Aug/2026 19:37:21] "GET /api/vehicles/?page=1&page_size=10 HTTP/1.1" 200 2891
[10/Aug/2026 19:37:21] "GET /api/visits/?page=1&page_size=10 HTTP/1.1" 200 3067
[10/Aug/2026 19:37:21] "GET /api/vehicles/?page=1&page_size=10 HTTP/1.1" 200 2891
[10/Aug/2026 19:37:21] "GET /api/visits/?page=1&page_size=10 HTTP/1.1" 200 3067
[10/Aug/2026 19:37:22] "POST /api/vehicles/ HTTP/1.1" 201 303
[10/Aug/2026 19:37:22] "GET /api/vehicles/?page=1&page_size=10 HTTP/1.1" 200 2891
[10/Aug/2026 19:37:22] "GET /api/vehicles/?page=1&page_size=10&search=Veh%C3%ADculo+White+1786408641793-mhnwm6 HTTP/1.1" 200 355
[10/Aug/2026 19:37:22] "DELETE /api/vehicles/55/ HTTP/1.1" 204 0
[10/Aug/2026 19:37:22] "POST /api/visits/ HTTP/1.1" 201 291
[10/Aug/2026 19:37:22] "GET /api/visits/?search=Visita+Emardfort+1786408642362-N4gmkf HTTP/1.1" 200 343
[10/Aug/2026 19:37:22] "PATCH /api/visits/151/ HTTP/1.1" 200 289
[10/Aug/2026 19:37:22] "DELETE /api/visits/151/ HTTP/1.1" 204 0
[10/Aug/2026 19:37:22,478] - Broken pipe from ('127.0.0.1', 62019)
[10/Aug/2026 19:37:23] "POST /api/vehicles/ HTTP/1.1" 201 303
[10/Aug/2026 19:37:23] "POST /api/visits/ HTTP/1.1" 201 290
W0000 00:00:1786408644.112654    6980 routing.cc:6421] GUIDED_LOCAL_SEARCH specified without sane timeout: solve may run forever.
[10/Aug/2026 19:37:24] "POST /api/optimizations/ HTTP/1.1" 201 855
[10/Aug/2026 19:37:24] "GET /api/optimizations/21/ HTTP/1.1" 200 832
[10/Aug/2026 19:37:24] "POST /api/optimizations/21/confirm/ HTTP/1.1" 200 859
[10/Aug/2026 19:37:24] "POST /api/optimizations/21/stops/383/deliver/ HTTP/1.1" 200 886
[10/Aug/2026 19:37:24] "POST /api/optimizations/21/complete/ HTTP/1.1" 200 911
[10/Aug/2026 19:37:24] "DELETE /api/optimizations/21/ HTTP/1.1" 204 0
[10/Aug/2026 19:37:24] "DELETE /api/vehicles/56/ HTTP/1.1" 204 0
[10/Aug/2026 19:37:24] "DELETE /api/visits/152/ HTTP/1.1" 204 0
[10/Aug/2026 19:37:24] "POST /api/vehicles/ HTTP/1.1" 201 305
[10/Aug/2026 19:37:24] "POST /api/visits/ HTTP/1.1" 201 302
W0000 00:00:1786408645.134010    6980 routing.cc:6421] GUIDED_LOCAL_SEARCH specified without sane timeout: solve may run forever.
[10/Aug/2026 19:37:25] "POST /api/optimizations/ HTTP/1.1" 201 873
[10/Aug/2026 19:37:25] "GET /api/available/resources/?date=2026-08-12 HTTP/1.1" 200 40977
[10/Aug/2026 19:37:25] "POST /api/optimizations/22/cancel/ HTTP/1.1" 200 852
[10/Aug/2026 19:37:25] "GET /api/available/resources/?date=2026-08-12 HTTP/1.1" 200 41586
[10/Aug/2026 19:37:25] "DELETE /api/optimizations/22/ HTTP/1.1" 204 0
[10/Aug/2026 19:37:25] "DELETE /api/vehicles/57/ HTTP/1.1" 204 0
[10/Aug/2026 19:37:25] "DELETE /api/visits/153/ HTTP/1.1" 204 0
Bad Request: /api/optimizations/
[10/Aug/2026 19:37:25] "POST /api/optimizations/ HTTP/1.1" 400 52
Bad Request: /api/vehicles/
[10/Aug/2026 19:37:25] "POST /api/vehicles/ HTTP/1.1" 400 127
Bad Request: /api/visits/
[10/Aug/2026 19:37:25] "POST /api/visits/ HTTP/1.1" 400 127
[10/Aug/2026 19:37:25] "POST /api/visits/ HTTP/1.1" 201 303
[10/Aug/2026 19:37:25] "GET /api/visits/154/ HTTP/1.1" 200 303
[10/Aug/2026 19:37:25] "DELETE /api/visits/154/ HTTP/1.1" 204 0
[10/Aug/2026 19:37:25,431] - Broken pipe from ('127.0.0.1', 55278)
[10/Aug/2026 19:37:26] "POST /api/vehicles/ HTTP/1.1" 201 318
[10/Aug/2026 19:37:26] "GET /api/vehicles/?search=Veh%C3%ADculo+Christiansen-Schowalter+1786408646168-zbhqDR HTTP/1.1" 200 370
[10/Aug/2026 19:37:26] "DELETE /api/vehicles/58/ HTTP/1.1" 204 0
[10/Aug/2026 19:37:26] "GET /api/visits/?page=1&page_size=10 HTTP/1.1" 200 3067
[10/Aug/2026 19:37:26] "GET /api/vehicles/?page=1&page_size=10 HTTP/1.1" 200 2891
[10/Aug/2026 19:37:26] "GET /api/vehicles/?page=1&page_size=10 HTTP/1.1" 200 2891
[10/Aug/2026 19:37:26] "GET /api/visits/?page=1&page_size=10 HTTP/1.1" 200 3067
[10/Aug/2026 19:37:26] "POST /api/vehicles/ HTTP/1.1" 201 304
[10/Aug/2026 19:37:26] "GET /api/vehicles/?page=1&page_size=10 HTTP/1.1" 200 2891
[10/Aug/2026 19:37:26] "GET /api/vehicles/?page=1&page_size=10&search=Veh%C3%ADculo+O%27Hara+1786408646427-m40rAt HTTP/1.1" 200 356
[10/Aug/2026 19:37:27] "DELETE /api/vehicles/59/ HTTP/1.1" 204 0
[10/Aug/2026 19:37:27] "GET /api/vehicles/?page=1&page_size=10&search=Veh%C3%ADculo+O%27Hara+1786408646427-m40rAt HTTP/1.1" 200 52
Not Found: /api/vehicles/59/
[10/Aug/2026 19:37:27] "DELETE /api/vehicles/59/ HTTP/1.1" 404 48
[10/Aug/2026 19:37:27] "POST /api/visits/ HTTP/1.1" 201 296
[10/Aug/2026 19:37:27] "GET /api/visits/?search=Visita+South+Jaceystad+1786408647119-Z73MuI HTTP/1.1" 200 348
[10/Aug/2026 19:37:27] "PATCH /api/visits/155/ HTTP/1.1" 200 296
[10/Aug/2026 19:37:27] "DELETE /api/visits/155/ HTTP/1.1" 204 0
[10/Aug/2026 19:37:27,240] - Broken pipe from ('127.0.0.1', 55281)
[10/Aug/2026 19:39:14] "POST /api/vehicles/ HTTP/1.1" 201 308
[10/Aug/2026 19:39:14] "GET /api/vehicles/?search=Veh%C3%ADculo+Oberbrunner+1786408754349-VyPtFT HTTP/1.1" 200 360
[10/Aug/2026 19:39:14] "DELETE /api/vehicles/60/ HTTP/1.1" 204 0
[10/Aug/2026 19:39:14] "GET /api/vehicles/?page=1&page_size=10 HTTP/1.1" 200 2891
[10/Aug/2026 19:39:14] "GET /api/visits/?page=1&page_size=10 HTTP/1.1" 200 3067
[10/Aug/2026 19:39:14] "GET /api/vehicles/?page=1&page_size=10 HTTP/1.1" 200 2891
[10/Aug/2026 19:39:14] "GET /api/visits/?page=1&page_size=10 HTTP/1.1" 200 3067
[10/Aug/2026 19:39:15] "POST /api/vehicles/ HTTP/1.1" 201 303
[10/Aug/2026 19:39:15] "GET /api/vehicles/?page=1&page_size=10 HTTP/1.1" 200 2891
[10/Aug/2026 19:39:16] "GET /api/vehicles/?page=1&page_size=10&search=Veh%C3%ADculo+Kilback+1786408754580-s9WbFb HTTP/1.1" 200 355
[10/Aug/2026 19:39:16] "DELETE /api/vehicles/61/ HTTP/1.1" 204 0
[10/Aug/2026 19:39:16] "GET /api/vehicles/?page=1&page_size=10&search=Veh%C3%ADculo+Kilback+1786408754580-s9WbFb HTTP/1.1" 200 52
Not Found: /api/vehicles/61/
[10/Aug/2026 19:39:16] "DELETE /api/vehicles/61/ HTTP/1.1" 404 48
[10/Aug/2026 19:39:16] "GET /api/vehicles/?page=1&page_size=10 HTTP/1.1" 200 2891
[10/Aug/2026 19:39:16] "GET /api/visits/?page=1&page_size=10 HTTP/1.1" 200 3067
[10/Aug/2026 19:39:16] "GET /api/vehicles/?page=1&page_size=10 HTTP/1.1" 200 2891
[10/Aug/2026 19:39:16] "GET /api/visits/?page=1&page_size=10 HTTP/1.1" 200 3067
[10/Aug/2026 19:39:16] "POST /api/vehicles/ HTTP/1.1" 201 301
[10/Aug/2026 19:39:16] "GET /api/vehicles/?page=1&page_size=10 HTTP/1.1" 200 2891
[10/Aug/2026 19:39:16] "GET /api/vehicles/?page=1&page_size=10&search=Veh%C3%ADculo+Hudson+1786408756254-mqwIsm HTTP/1.1" 200 353
[10/Aug/2026 19:39:16] "DELETE /api/vehicles/62/ HTTP/1.1" 204 0
[10/Aug/2026 19:39:16] "POST /api/visits/ HTTP/1.1" 201 299
[10/Aug/2026 19:39:16] "GET /api/visits/?search=Visita+New+Cleoville+1786408756789-koPf9x HTTP/1.1" 200 351
[10/Aug/2026 19:39:16] "PATCH /api/visits/156/ HTTP/1.1" 200 295
[10/Aug/2026 19:39:16] "DELETE /api/visits/156/ HTTP/1.1" 204 0
[10/Aug/2026 19:39:16,909] - Broken pipe from ('127.0.0.1', 64325)
[10/Aug/2026 19:39:17] "POST /api/vehicles/ HTTP/1.1" 201 302
[10/Aug/2026 19:39:17] "POST /api/visits/ HTTP/1.1" 201 298
W0000 00:00:1786408758.528997   15316 routing.cc:6421] GUIDED_LOCAL_SEARCH specified without sane timeout: solve may run forever.
[10/Aug/2026 19:39:18] "POST /api/optimizations/ HTTP/1.1" 201 864
[10/Aug/2026 19:39:18] "GET /api/optimizations/23/ HTTP/1.1" 200 841
[10/Aug/2026 19:39:18] "POST /api/optimizations/23/confirm/ HTTP/1.1" 200 868
[10/Aug/2026 19:39:18] "POST /api/optimizations/23/stops/385/deliver/ HTTP/1.1" 200 895
[10/Aug/2026 19:39:18] "POST /api/optimizations/23/complete/ HTTP/1.1" 200 920
[10/Aug/2026 19:39:18] "DELETE /api/optimizations/23/ HTTP/1.1" 204 0
[10/Aug/2026 19:39:18] "DELETE /api/vehicles/63/ HTTP/1.1" 204 0
[10/Aug/2026 19:39:18] "DELETE /api/visits/157/ HTTP/1.1" 204 0
[10/Aug/2026 19:39:18] "POST /api/vehicles/ HTTP/1.1" 201 301
[10/Aug/2026 19:39:18] "POST /api/visits/ HTTP/1.1" 201 306
W0000 00:00:1786408759.560906   15316 routing.cc:6421] GUIDED_LOCAL_SEARCH specified without sane timeout: solve may run forever.
[10/Aug/2026 19:39:19] "POST /api/optimizations/ HTTP/1.1" 201 872
[10/Aug/2026 19:39:19] "GET /api/available/resources/?date=2026-08-12 HTTP/1.1" 200 40977
[10/Aug/2026 19:39:19] "POST /api/optimizations/24/cancel/ HTTP/1.1" 200 851
[10/Aug/2026 19:39:19] "GET /api/available/resources/?date=2026-08-12 HTTP/1.1" 200 41586
[10/Aug/2026 19:39:19] "DELETE /api/optimizations/24/ HTTP/1.1" 204 0
[10/Aug/2026 19:39:19] "DELETE /api/vehicles/64/ HTTP/1.1" 204 0
[10/Aug/2026 19:39:19] "DELETE /api/visits/158/ HTTP/1.1" 204 0
Bad Request: /api/optimizations/
[10/Aug/2026 19:39:19] "POST /api/optimizations/ HTTP/1.1" 400 52
Bad Request: /api/vehicles/
[10/Aug/2026 19:39:19] "POST /api/vehicles/ HTTP/1.1" 400 127
Bad Request: /api/visits/
[10/Aug/2026 19:39:19] "POST /api/visits/ HTTP/1.1" 400 127
[10/Aug/2026 19:39:19] "POST /api/visits/ HTTP/1.1" 201 296
[10/Aug/2026 19:39:19] "GET /api/visits/159/ HTTP/1.1" 200 296
[10/Aug/2026 19:39:19] "DELETE /api/visits/159/ HTTP/1.1" 204 0
[10/Aug/2026 19:39:19,873] - Broken pipe from ('127.0.0.1', 56263)
[10/Aug/2026 19:39:20] "POST /api/vehicles/ HTTP/1.1" 201 300
[10/Aug/2026 19:39:20] "GET /api/vehicles/?search=Veh%C3%ADculo+Bogan+1786408760638-FAhxzn HTTP/1.1" 200 352
[10/Aug/2026 19:39:20] "DELETE /api/vehicles/65/ HTTP/1.1" 204 0
[10/Aug/2026 19:39:21] "GET /api/vehicles/?page=1&page_size=10 HTTP/1.1" 200 2891
[10/Aug/2026 19:39:21] "GET /api/visits/?page=1&page_size=10 HTTP/1.1" 200 3067
[10/Aug/2026 19:39:21] "GET /api/visits/?page=1&page_size=10 HTTP/1.1" 200 3067
[10/Aug/2026 19:39:21] "GET /api/vehicles/?page=1&page_size=10 HTTP/1.1" 200 2891
[10/Aug/2026 19:39:21] "POST /api/vehicles/ HTTP/1.1" 201 305
[10/Aug/2026 19:39:21] "GET /api/vehicles/?page=1&page_size=10 HTTP/1.1" 200 2891
[10/Aug/2026 19:39:21] "GET /api/vehicles/?page=1&page_size=10&search=Veh%C3%ADculo+Prohaska+1786408760876-XXo3mQ HTTP/1.1" 200 357
[10/Aug/2026 19:39:21] "DELETE /api/vehicles/66/ HTTP/1.1" 204 0
[10/Aug/2026 19:39:21] "GET /api/vehicles/?page=1&page_size=10&search=Veh%C3%ADculo+Prohaska+1786408760876-XXo3mQ HTTP/1.1" 200 52
Not Found: /api/vehicles/66/
[10/Aug/2026 19:39:21] "DELETE /api/vehicles/66/ HTTP/1.1" 404 48
[10/Aug/2026 19:39:21] "POST /api/visits/ HTTP/1.1" 201 297
[10/Aug/2026 19:39:21] "GET /api/visits/?search=Visita+Huntington+1786408761561-e8ljeM HTTP/1.1" 200 349
[10/Aug/2026 19:39:21] "PATCH /api/visits/160/ HTTP/1.1" 200 292
[10/Aug/2026 19:39:21] "DELETE /api/visits/160/ HTTP/1.1" 204 0
[10/Aug/2026 19:39:21,678] - Broken pipe from ('127.0.0.1', 53403)
[10/Aug/2026 19:40:10] "POST /api/vehicles/ HTTP/1.1" 201 303
[10/Aug/2026 19:40:10] "GET /api/vehicles/?search=Veh%C3%ADculo+Bradtke+1786408810723-pnl4uW HTTP/1.1" 200 355
[10/Aug/2026 19:40:10] "DELETE /api/vehicles/67/ HTTP/1.1" 204 0
[10/Aug/2026 19:40:11] "GET /api/vehicles/?page=1&page_size=10 HTTP/1.1" 200 2891
[10/Aug/2026 19:40:11] "GET /api/visits/?page=1&page_size=10 HTTP/1.1" 200 3067
[10/Aug/2026 19:40:11] "GET /api/visits/?page=1&page_size=10 HTTP/1.1" 200 3067
[10/Aug/2026 19:40:11] "GET /api/vehicles/?page=1&page_size=10 HTTP/1.1" 200 2891
[10/Aug/2026 19:40:12] "POST /api/vehicles/ HTTP/1.1" 201 299
[10/Aug/2026 19:40:12] "GET /api/vehicles/?page=1&page_size=10 HTTP/1.1" 200 2891
[10/Aug/2026 19:40:12] "GET /api/vehicles/?page=1&page_size=10&search=Veh%C3%ADculo+Lemke+1786408810963-uP9JIO HTTP/1.1" 200 351
[10/Aug/2026 19:40:12] "DELETE /api/vehicles/68/ HTTP/1.1" 204 0
[10/Aug/2026 19:40:12] "GET /api/vehicles/?page=1&page_size=10&search=Veh%C3%ADculo+Lemke+1786408810963-uP9JIO HTTP/1.1" 200 52
Not Found: /api/vehicles/68/
[10/Aug/2026 19:40:12] "DELETE /api/vehicles/68/ HTTP/1.1" 404 48
[10/Aug/2026 19:40:12] "GET /api/vehicles/?page=1&page_size=10 HTTP/1.1" 200 2891
[10/Aug/2026 19:40:12] "GET /api/visits/?page=1&page_size=10 HTTP/1.1" 200 3067
[10/Aug/2026 19:40:12] "GET /api/vehicles/?page=1&page_size=10 HTTP/1.1" 200 2891
[10/Aug/2026 19:40:12] "GET /api/visits/?page=1&page_size=10 HTTP/1.1" 200 3067
[10/Aug/2026 19:40:13] "POST /api/vehicles/ HTTP/1.1" 201 301
[10/Aug/2026 19:40:13] "GET /api/vehicles/?page=1&page_size=10 HTTP/1.1" 200 2891
[10/Aug/2026 19:40:13] "GET /api/vehicles/?page=1&page_size=10&search=Veh%C3%ADculo+Braun+1786408812683-ukUG6q HTTP/1.1" 200 353
[10/Aug/2026 19:40:13] "DELETE /api/vehicles/69/ HTTP/1.1" 204 0
[10/Aug/2026 19:40:13] "POST /api/visits/ HTTP/1.1" 201 298
[10/Aug/2026 19:40:13] "GET /api/visits/?search=Visita+Waltonbury+1786408813241-YbWLON HTTP/1.1" 200 350
[10/Aug/2026 19:40:13] "PATCH /api/visits/161/ HTTP/1.1" 200 291
[10/Aug/2026 19:40:13] "DELETE /api/visits/161/ HTTP/1.1" 204 0
[10/Aug/2026 19:40:13,364] - Broken pipe from ('127.0.0.1', 60975)
[10/Aug/2026 19:40:14] "POST /api/vehicles/ HTTP/1.1" 201 302
[10/Aug/2026 19:40:14] "POST /api/visits/ HTTP/1.1" 201 297
W0000 00:00:1786408814.971535   23404 routing.cc:6421] GUIDED_LOCAL_SEARCH specified without sane timeout: solve may run forever.
[10/Aug/2026 19:40:15] "POST /api/optimizations/ HTTP/1.1" 201 865
[10/Aug/2026 19:40:15] "GET /api/optimizations/25/ HTTP/1.1" 200 842
[10/Aug/2026 19:40:15] "POST /api/optimizations/25/confirm/ HTTP/1.1" 200 869
[10/Aug/2026 19:40:15] "POST /api/optimizations/25/stops/387/deliver/ HTTP/1.1" 200 896
[10/Aug/2026 19:40:15] "POST /api/optimizations/25/complete/ HTTP/1.1" 200 921
[10/Aug/2026 19:40:15] "DELETE /api/optimizations/25/ HTTP/1.1" 204 0
[10/Aug/2026 19:40:15] "DELETE /api/vehicles/70/ HTTP/1.1" 204 0
[10/Aug/2026 19:40:15] "DELETE /api/visits/162/ HTTP/1.1" 204 0
[10/Aug/2026 19:40:15] "POST /api/vehicles/ HTTP/1.1" 201 303
[10/Aug/2026 19:40:15] "POST /api/visits/ HTTP/1.1" 201 293
W0000 00:00:1786408815.985784   23404 routing.cc:6421] GUIDED_LOCAL_SEARCH specified without sane timeout: solve may run forever.
[10/Aug/2026 19:40:16] "POST /api/optimizations/ HTTP/1.1" 201 861
[10/Aug/2026 19:40:16] "GET /api/available/resources/?date=2026-08-12 HTTP/1.1" 200 40977
[10/Aug/2026 19:40:16] "POST /api/optimizations/26/cancel/ HTTP/1.1" 200 840
[10/Aug/2026 19:40:16] "GET /api/available/resources/?date=2026-08-12 HTTP/1.1" 200 41575
[10/Aug/2026 19:40:16] "DELETE /api/optimizations/26/ HTTP/1.1" 204 0
[10/Aug/2026 19:40:16] "DELETE /api/vehicles/71/ HTTP/1.1" 204 0
[10/Aug/2026 19:40:16] "DELETE /api/visits/163/ HTTP/1.1" 204 0
Bad Request: /api/optimizations/
[10/Aug/2026 19:40:16] "POST /api/optimizations/ HTTP/1.1" 400 52
Bad Request: /api/vehicles/
[10/Aug/2026 19:40:16] "POST /api/vehicles/ HTTP/1.1" 400 127
Bad Request: /api/visits/
[10/Aug/2026 19:40:16] "POST /api/visits/ HTTP/1.1" 400 127
[10/Aug/2026 19:40:16] "POST /api/visits/ HTTP/1.1" 201 296
[10/Aug/2026 19:40:16] "GET /api/visits/164/ HTTP/1.1" 200 296
[10/Aug/2026 19:40:16] "DELETE /api/visits/164/ HTTP/1.1" 204 0
[10/Aug/2026 19:40:16,382] - Broken pipe from ('127.0.0.1', 60249)
[10/Aug/2026 19:40:17] "POST /api/vehicles/ HTTP/1.1" 201 301
[10/Aug/2026 19:40:17] "GET /api/vehicles/?search=Veh%C3%ADculo+Ward+1786408817152-oaUcRu HTTP/1.1" 200 353
[10/Aug/2026 19:40:17] "DELETE /api/vehicles/72/ HTTP/1.1" 204 0
[10/Aug/2026 19:40:17] "GET /api/vehicles/?page=1&page_size=10 HTTP/1.1" 200 2891
[10/Aug/2026 19:40:17] "GET /api/visits/?page=1&page_size=10 HTTP/1.1" 200 3067
[10/Aug/2026 19:40:17] "GET /api/vehicles/?page=1&page_size=10 HTTP/1.1" 200 2891
[10/Aug/2026 19:40:17] "GET /api/visits/?page=1&page_size=10 HTTP/1.1" 200 3067
[10/Aug/2026 19:40:17] "POST /api/vehicles/ HTTP/1.1" 201 307
[10/Aug/2026 19:40:17] "GET /api/vehicles/?page=1&page_size=10 HTTP/1.1" 200 2891
[10/Aug/2026 19:40:17] "GET /api/vehicles/?page=1&page_size=10&search=Veh%C3%ADculo+Heathcote+1786408817413-gi0CsZ HTTP/1.1" 200 359
[10/Aug/2026 19:40:17] "DELETE /api/vehicles/73/ HTTP/1.1" 204 0
[10/Aug/2026 19:40:18] "GET /api/vehicles/?page=1&page_size=10&search=Veh%C3%ADculo+Heathcote+1786408817413-gi0CsZ HTTP/1.1" 200 52
Not Found: /api/vehicles/73/
[10/Aug/2026 19:40:18] "DELETE /api/vehicles/73/ HTTP/1.1" 404 48
[10/Aug/2026 19:40:18] "POST /api/visits/ HTTP/1.1" 201 294
[10/Aug/2026 19:40:18] "GET /api/visits/?search=Visita+Pittsfield+1786408818116-a0JyiP HTTP/1.1" 200 346
[10/Aug/2026 19:40:18] "PATCH /api/visits/165/ HTTP/1.1" 200 292
[10/Aug/2026 19:40:18] "DELETE /api/visits/165/ HTTP/1.1" 204 0
[10/Aug/2026 19:40:18,252] - Broken pipe from ('127.0.0.1', 60252)
[10/Aug/2026 19:51:40] "POST /api/vehicles/ HTTP/1.1" 201 304
[10/Aug/2026 19:51:40] "GET /api/vehicles/?search=Veh%C3%ADculo+Lebsack+1786409500004-HBQsqR HTTP/1.1" 200 356
[10/Aug/2026 19:51:40] "DELETE /api/vehicles/74/ HTTP/1.1" 204 0
[10/Aug/2026 19:51:40] "GET /api/visits/?page=1&page_size=10 HTTP/1.1" 200 3067
[10/Aug/2026 19:51:40] "GET /api/vehicles/?page=1&page_size=10 HTTP/1.1" 200 2891
[10/Aug/2026 19:51:40] "GET /api/visits/?page=1&page_size=10 HTTP/1.1" 200 3067
[10/Aug/2026 19:51:40] "GET /api/vehicles/?page=1&page_size=10 HTTP/1.1" 200 2891
[10/Aug/2026 19:51:41] "POST /api/vehicles/ HTTP/1.1" 201 304
[10/Aug/2026 19:51:41] "GET /api/vehicles/?page=1&page_size=10 HTTP/1.1" 200 2891
[10/Aug/2026 19:51:41] "GET /api/vehicles/?page=1&page_size=10&search=Veh%C3%ADculo+Stanton+1786409500252-ua6i5D HTTP/1.1" 200 356
[10/Aug/2026 19:51:41] "DELETE /api/vehicles/75/ HTTP/1.1" 204 0
[10/Aug/2026 19:51:41] "GET /api/vehicles/?page=1&page_size=10&search=Veh%C3%ADculo+Stanton+1786409500252-ua6i5D HTTP/1.1" 200 52
Not Found: /api/vehicles/75/
[10/Aug/2026 19:51:41] "DELETE /api/vehicles/75/ HTTP/1.1" 404 48
[10/Aug/2026 19:51:42] "GET /api/vehicles/?page=1&page_size=10 HTTP/1.1" 200 2891
[10/Aug/2026 19:51:42] "GET /api/visits/?page=1&page_size=10 HTTP/1.1" 200 3067
[10/Aug/2026 19:51:42] "GET /api/vehicles/?page=1&page_size=10 HTTP/1.1" 200 2891
[10/Aug/2026 19:51:42] "GET /api/visits/?page=1&page_size=10 HTTP/1.1" 200 3067
[10/Aug/2026 19:51:42] "POST /api/vehicles/ HTTP/1.1" 201 304
[10/Aug/2026 19:51:42] "GET /api/vehicles/?page=1&page_size=10 HTTP/1.1" 200 2891
[10/Aug/2026 19:51:42] "GET /api/vehicles/?page=1&page_size=10&search=Veh%C3%ADculo+Walker+1786409501962-Ix3vL8 HTTP/1.1" 200 356
[10/Aug/2026 19:51:42] "DELETE /api/vehicles/76/ HTTP/1.1" 204 0
[10/Aug/2026 19:51:42] "POST /api/visits/ HTTP/1.1" 201 296
[10/Aug/2026 19:51:42] "GET /api/visits/?search=Visita+Janaefield+1786409502547-W1c2Ty HTTP/1.1" 200 348
[10/Aug/2026 19:51:42] "PATCH /api/visits/166/ HTTP/1.1" 200 292
[10/Aug/2026 19:51:42] "DELETE /api/visits/166/ HTTP/1.1" 204 0
[10/Aug/2026 19:51:42,694] - Broken pipe from ('127.0.0.1', 58434)
[10/Aug/2026 19:51:43] "POST /api/vehicles/ HTTP/1.1" 201 305
[10/Aug/2026 19:51:43] "POST /api/visits/ HTTP/1.1" 201 300
W0000 00:00:1786409504.348023   25140 routing.cc:6421] GUIDED_LOCAL_SEARCH specified without sane timeout: solve may run forever.
[10/Aug/2026 19:51:44] "POST /api/optimizations/ HTTP/1.1" 201 870
[10/Aug/2026 19:51:44] "GET /api/optimizations/27/ HTTP/1.1" 200 847
[10/Aug/2026 19:51:44] "POST /api/optimizations/27/confirm/ HTTP/1.1" 200 874
[10/Aug/2026 19:51:44] "POST /api/optimizations/27/stops/389/deliver/ HTTP/1.1" 200 901
[10/Aug/2026 19:51:44] "POST /api/optimizations/27/complete/ HTTP/1.1" 200 926
[10/Aug/2026 19:51:44] "DELETE /api/optimizations/27/ HTTP/1.1" 204 0
[10/Aug/2026 19:51:44] "DELETE /api/vehicles/77/ HTTP/1.1" 204 0
[10/Aug/2026 19:51:44] "DELETE /api/visits/167/ HTTP/1.1" 204 0
[10/Aug/2026 19:51:44] "POST /api/vehicles/ HTTP/1.1" 201 306
[10/Aug/2026 19:51:44] "POST /api/visits/ HTTP/1.1" 201 299
W0000 00:00:1786409505.386684   25140 routing.cc:6421] GUIDED_LOCAL_SEARCH specified without sane timeout: solve may run forever.
[10/Aug/2026 19:51:45] "POST /api/optimizations/ HTTP/1.1" 201 869
[10/Aug/2026 19:51:45] "GET /api/available/resources/?date=2026-08-12 HTTP/1.1" 200 40977
[10/Aug/2026 19:51:45] "POST /api/optimizations/28/cancel/ HTTP/1.1" 200 848
[10/Aug/2026 19:51:45] "GET /api/available/resources/?date=2026-08-12 HTTP/1.1" 200 41584
[10/Aug/2026 19:51:45] "DELETE /api/optimizations/28/ HTTP/1.1" 204 0
[10/Aug/2026 19:51:45] "DELETE /api/vehicles/78/ HTTP/1.1" 204 0
[10/Aug/2026 19:51:45] "DELETE /api/visits/168/ HTTP/1.1" 204 0
Bad Request: /api/optimizations/
[10/Aug/2026 19:51:45] "POST /api/optimizations/ HTTP/1.1" 400 52
Bad Request: /api/vehicles/
[10/Aug/2026 19:51:45] "POST /api/vehicles/ HTTP/1.1" 400 127
Bad Request: /api/visits/
[10/Aug/2026 19:51:45] "POST /api/visits/ HTTP/1.1" 400 127
[10/Aug/2026 19:51:45] "POST /api/visits/ HTTP/1.1" 201 300
[10/Aug/2026 19:51:45] "GET /api/visits/169/ HTTP/1.1" 200 300
[10/Aug/2026 19:51:45] "DELETE /api/visits/169/ HTTP/1.1" 204 0
[10/Aug/2026 19:51:45,711] - Broken pipe from ('127.0.0.1', 56818)
[10/Aug/2026 19:51:46] "POST /api/vehicles/ HTTP/1.1" 201 299
[10/Aug/2026 19:51:46] "GET /api/vehicles/?search=Veh%C3%ADculo+Hane+1786409506444-O2p0xy HTTP/1.1" 200 351
[10/Aug/2026 19:51:46] "DELETE /api/vehicles/79/ HTTP/1.1" 204 0
[10/Aug/2026 19:51:46] "GET /api/vehicles/?page=1&page_size=10 HTTP/1.1" 200 2891
[10/Aug/2026 19:51:46] "GET /api/visits/?page=1&page_size=10 HTTP/1.1" 200 3067
[10/Aug/2026 19:51:46] "GET /api/visits/?page=1&page_size=10 HTTP/1.1" 200 3067
[10/Aug/2026 19:51:46] "GET /api/vehicles/?page=1&page_size=10 HTTP/1.1" 200 2891
[10/Aug/2026 19:51:47] "POST /api/vehicles/ HTTP/1.1" 201 308
[10/Aug/2026 19:51:47] "GET /api/vehicles/?page=1&page_size=10 HTTP/1.1" 200 2891
[10/Aug/2026 19:51:47] "GET /api/vehicles/?page=1&page_size=10&search=Veh%C3%ADculo+Rath-Pouros+1786409506699-P76bM6 HTTP/1.1" 200 360
[10/Aug/2026 19:51:47] "DELETE /api/vehicles/80/ HTTP/1.1" 204 0
[10/Aug/2026 19:51:47] "GET /api/vehicles/?page=1&page_size=10&search=Veh%C3%ADculo+Rath-Pouros+1786409506699-P76bM6 HTTP/1.1" 200 52
Not Found: /api/vehicles/80/
[10/Aug/2026 19:51:47] "DELETE /api/vehicles/80/ HTTP/1.1" 404 48
[10/Aug/2026 19:51:47] "POST /api/visits/ HTTP/1.1" 201 303
[10/Aug/2026 19:51:47] "GET /api/visits/?search=Visita+Fort+Nathenworth+1786409507329-sNxtLD HTTP/1.1" 200 355
[10/Aug/2026 19:51:47] "PATCH /api/visits/170/ HTTP/1.1" 200 298
[10/Aug/2026 19:51:47] "DELETE /api/visits/170/ HTTP/1.1" 204 0
[10/Aug/2026 19:51:47,458] - Broken pipe from ('127.0.0.1', 56821)
[10/Aug/2026 19:52:06] "POST /api/vehicles/ HTTP/1.1" 201 302
[10/Aug/2026 19:52:06] "GET /api/vehicles/?search=Veh%C3%ADculo+Dicki+1786409526271-UlMZgF HTTP/1.1" 200 354
[10/Aug/2026 19:52:06] "DELETE /api/vehicles/81/ HTTP/1.1" 204 0
[10/Aug/2026 19:52:06] "GET /api/vehicles/?page=1&page_size=10 HTTP/1.1" 200 2891
[10/Aug/2026 19:52:06] "GET /api/visits/?page=1&page_size=10 HTTP/1.1" 200 3067
[10/Aug/2026 19:52:06] "GET /api/vehicles/?page=1&page_size=10 HTTP/1.1" 200 2891
[10/Aug/2026 19:52:06] "GET /api/visits/?page=1&page_size=10 HTTP/1.1" 200 3067
[10/Aug/2026 19:52:06] "POST /api/vehicles/ HTTP/1.1" 201 307
[10/Aug/2026 19:52:06] "GET /api/vehicles/?page=1&page_size=10 HTTP/1.1" 200 2891
[10/Aug/2026 19:52:06] "GET /api/vehicles/?page=1&page_size=10&search=Veh%C3%ADculo+Swaniawski+1786409526523-Vd7MsK HTTP/1.1" 200 359
[10/Aug/2026 19:52:07] "DELETE /api/vehicles/82/ HTTP/1.1" 204 0
[10/Aug/2026 19:52:07] "GET /api/vehicles/?page=1&page_size=10&search=Veh%C3%ADculo+Swaniawski+1786409526523-Vd7MsK HTTP/1.1" 200 52
Not Found: /api/vehicles/82/
[10/Aug/2026 19:52:07] "DELETE /api/vehicles/82/ HTTP/1.1" 404 48
[10/Aug/2026 19:52:07] "GET /api/vehicles/?page=1&page_size=10 HTTP/1.1" 200 2891
[10/Aug/2026 19:52:07] "GET /api/visits/?page=1&page_size=10 HTTP/1.1" 200 3067
[10/Aug/2026 19:52:07] "GET /api/vehicles/?page=1&page_size=10 HTTP/1.1" 200 2891
[10/Aug/2026 19:52:07] "GET /api/visits/?page=1&page_size=10 HTTP/1.1" 200 3067
[10/Aug/2026 19:52:07] "POST /api/vehicles/ HTTP/1.1" 201 310
[10/Aug/2026 19:52:07] "GET /api/vehicles/?page=1&page_size=10 HTTP/1.1" 200 2891
[10/Aug/2026 19:52:07] "GET /api/vehicles/?page=1&page_size=10&search=Veh%C3%ADculo+Pfannerstill+1786409527255-8xNrUl HTTP/1.1" 200 362
[10/Aug/2026 19:52:07] "DELETE /api/vehicles/83/ HTTP/1.1" 204 0
[10/Aug/2026 19:52:07] "POST /api/visits/ HTTP/1.1" 201 296
[10/Aug/2026 19:52:07] "GET /api/visits/?search=Visita+New+Shawna+1786409527789-woAKNl HTTP/1.1" 200 348
[10/Aug/2026 19:52:07] "PATCH /api/visits/171/ HTTP/1.1" 200 294
[10/Aug/2026 19:52:07] "DELETE /api/visits/171/ HTTP/1.1" 204 0
[10/Aug/2026 19:52:07,911] - Broken pipe from ('127.0.0.1', 61462)
[10/Aug/2026 19:52:08] "POST /api/vehicles/ HTTP/1.1" 201 303
[10/Aug/2026 19:52:08] "POST /api/visits/ HTTP/1.1" 201 298
W0000 00:00:1786409529.839425    8308 routing.cc:6421] GUIDED_LOCAL_SEARCH specified without sane timeout: solve may run forever.
[10/Aug/2026 19:52:09] "POST /api/optimizations/ HTTP/1.1" 201 866
[10/Aug/2026 19:52:09] "GET /api/optimizations/29/ HTTP/1.1" 200 843
[10/Aug/2026 19:52:09] "POST /api/optimizations/29/confirm/ HTTP/1.1" 200 870
[10/Aug/2026 19:52:09] "POST /api/optimizations/29/stops/391/deliver/ HTTP/1.1" 200 897
[10/Aug/2026 19:52:09] "POST /api/optimizations/29/complete/ HTTP/1.1" 200 922
[10/Aug/2026 19:52:09] "DELETE /api/optimizations/29/ HTTP/1.1" 204 0
[10/Aug/2026 19:52:10] "DELETE /api/vehicles/84/ HTTP/1.1" 204 0
[10/Aug/2026 19:52:10] "DELETE /api/visits/172/ HTTP/1.1" 204 0
[10/Aug/2026 19:52:10] "POST /api/vehicles/ HTTP/1.1" 201 306
[10/Aug/2026 19:52:10] "POST /api/visits/ HTTP/1.1" 201 296
W0000 00:00:1786409530.876585    8308 routing.cc:6421] GUIDED_LOCAL_SEARCH specified without sane timeout: solve may run forever.
[10/Aug/2026 19:52:10] "POST /api/optimizations/ HTTP/1.1" 201 868
[10/Aug/2026 19:52:10] "GET /api/available/resources/?date=2026-08-12 HTTP/1.1" 200 40977
[10/Aug/2026 19:52:10] "POST /api/optimizations/30/cancel/ HTTP/1.1" 200 847
[10/Aug/2026 19:52:10] "GET /api/available/resources/?date=2026-08-12 HTTP/1.1" 200 41581
[10/Aug/2026 19:52:10] "DELETE /api/optimizations/30/ HTTP/1.1" 204 0
[10/Aug/2026 19:52:11] "DELETE /api/vehicles/85/ HTTP/1.1" 204 0
[10/Aug/2026 19:52:11] "DELETE /api/visits/173/ HTTP/1.1" 204 0
Bad Request: /api/optimizations/
[10/Aug/2026 19:52:11] "POST /api/optimizations/ HTTP/1.1" 400 52
Bad Request: /api/vehicles/
[10/Aug/2026 19:52:11] "POST /api/vehicles/ HTTP/1.1" 400 127
Bad Request: /api/visits/
[10/Aug/2026 19:52:11] "POST /api/visits/ HTTP/1.1" 400 127
[10/Aug/2026 19:52:11] "POST /api/visits/ HTTP/1.1" 201 299
[10/Aug/2026 19:52:11] "GET /api/visits/174/ HTTP/1.1" 200 299
[10/Aug/2026 19:52:11] "DELETE /api/visits/174/ HTTP/1.1" 204 0
[10/Aug/2026 19:52:11,292] - Broken pipe from ('127.0.0.1', 54213)
[10/Aug/2026 19:52:12] "POST /api/vehicles/ HTTP/1.1" 201 301
[10/Aug/2026 19:52:12] "GET /api/vehicles/?search=Veh%C3%ADculo+Haag+1786409532043-6155nj HTTP/1.1" 200 353
[10/Aug/2026 19:52:12] "DELETE /api/vehicles/86/ HTTP/1.1" 204 0
[10/Aug/2026 19:52:12] "GET /api/vehicles/?page=1&page_size=10 HTTP/1.1" 200 2891
[10/Aug/2026 19:52:12] "GET /api/visits/?page=1&page_size=10 HTTP/1.1" 200 3067
[10/Aug/2026 19:52:12] "GET /api/vehicles/?page=1&page_size=10 HTTP/1.1" 200 2891
[10/Aug/2026 19:52:12] "GET /api/visits/?page=1&page_size=10 HTTP/1.1" 200 3067
[10/Aug/2026 19:52:12] "POST /api/vehicles/ HTTP/1.1" 201 301
[10/Aug/2026 19:52:12] "GET /api/vehicles/?page=1&page_size=10 HTTP/1.1" 200 2891
[10/Aug/2026 19:52:12] "GET /api/vehicles/?page=1&page_size=10&search=Veh%C3%ADculo+Farrell+1786409532284-H3PJCz HTTP/1.1" 200 353
[10/Aug/2026 19:52:12] "DELETE /api/vehicles/87/ HTTP/1.1" 204 0
[10/Aug/2026 19:52:12] "GET /api/vehicles/?page=1&page_size=10&search=Veh%C3%ADculo+Farrell+1786409532284-H3PJCz HTTP/1.1" 200 52
Not Found: /api/vehicles/87/
[10/Aug/2026 19:52:12] "DELETE /api/vehicles/87/ HTTP/1.1" 404 48
[10/Aug/2026 19:52:12] "POST /api/visits/ HTTP/1.1" 201 299
[10/Aug/2026 19:52:12] "GET /api/visits/?search=Visita+Diamondstead+1786409532972-oBvE2M HTTP/1.1" 200 351
[10/Aug/2026 19:52:13] "PATCH /api/visits/175/ HTTP/1.1" 200 295
[10/Aug/2026 19:52:13] "DELETE /api/visits/175/ HTTP/1.1" 204 0
[10/Aug/2026 19:52:13,096] - Broken pipe from ('127.0.0.1', 54216)
[10/Aug/2026 19:57:36] "POST /api/vehicles/ HTTP/1.1" 201 302
[10/Aug/2026 19:57:36] "GET /api/vehicles/?search=Veh%C3%ADculo+Herman+1786409856105-bbTTgV HTTP/1.1" 200 354
[10/Aug/2026 19:57:36] "DELETE /api/vehicles/88/ HTTP/1.1" 204 0
[10/Aug/2026 19:57:36] "GET /api/vehicles/?page=1&page_size=10 HTTP/1.1" 200 2891
[10/Aug/2026 19:57:36] "GET /api/visits/?page=1&page_size=10 HTTP/1.1" 200 3067
[10/Aug/2026 19:57:36] "GET /api/vehicles/?page=1&page_size=10 HTTP/1.1" 200 2891
[10/Aug/2026 19:57:36] "GET /api/visits/?page=1&page_size=10 HTTP/1.1" 200 3067
[10/Aug/2026 19:57:37] "POST /api/vehicles/ HTTP/1.1" 201 304
[10/Aug/2026 19:57:37] "GET /api/vehicles/?page=1&page_size=10 HTTP/1.1" 200 2891
[10/Aug/2026 19:57:37] "GET /api/vehicles/?page=1&page_size=10&search=Veh%C3%ADculo+Denesik+1786409856332-jrNmV2 HTTP/1.1" 200 356
[10/Aug/2026 19:57:37] "DELETE /api/vehicles/89/ HTTP/1.1" 204 0
[10/Aug/2026 19:57:37] "GET /api/vehicles/?page=1&page_size=10&search=Veh%C3%ADculo+Denesik+1786409856332-jrNmV2 HTTP/1.1" 200 52
Not Found: /api/vehicles/89/
[10/Aug/2026 19:57:37] "DELETE /api/vehicles/89/ HTTP/1.1" 404 48
[10/Aug/2026 19:57:38] "GET /api/visits/?page=1&page_size=10 HTTP/1.1" 200 3067
[10/Aug/2026 19:57:38] "GET /api/vehicles/?page=1&page_size=10 HTTP/1.1" 200 2891
[10/Aug/2026 19:57:38] "GET /api/visits/?page=1&page_size=10 HTTP/1.1" 200 3067
[10/Aug/2026 19:57:38] "GET /api/vehicles/?page=1&page_size=10 HTTP/1.1" 200 2891
[10/Aug/2026 19:57:38] "POST /api/vehicles/ HTTP/1.1" 201 305
[10/Aug/2026 19:57:38] "GET /api/vehicles/?page=1&page_size=10 HTTP/1.1" 200 2891
[10/Aug/2026 19:57:38] "GET /api/vehicles/?page=1&page_size=10&search=Veh%C3%ADculo+Kreiger+1786409858016-vY6cfj HTTP/1.1" 200 357
[10/Aug/2026 19:57:38] "DELETE /api/vehicles/90/ HTTP/1.1" 204 0
[10/Aug/2026 19:57:38] "POST /api/visits/ HTTP/1.1" 201 305
[10/Aug/2026 19:57:38] "GET /api/visits/?search=Visita+Port+Gavinchester+1786409858528-LBxBwB HTTP/1.1" 200 357
[10/Aug/2026 19:57:38] "PATCH /api/visits/176/ HTTP/1.1" 200 300
[10/Aug/2026 19:57:38] "DELETE /api/visits/176/ HTTP/1.1" 204 0
[10/Aug/2026 19:57:38,653] - Broken pipe from ('127.0.0.1', 53365)
[10/Aug/2026 19:57:39] "POST /api/vehicles/ HTTP/1.1" 201 306
[10/Aug/2026 19:57:39] "POST /api/visits/ HTTP/1.1" 201 294
W0000 00:00:1786409860.249640   15196 routing.cc:6421] GUIDED_LOCAL_SEARCH specified without sane timeout: solve may run forever.
[10/Aug/2026 19:57:40] "POST /api/optimizations/ HTTP/1.1" 201 865
[10/Aug/2026 19:57:40] "GET /api/optimizations/31/ HTTP/1.1" 200 842
[10/Aug/2026 19:57:40] "POST /api/optimizations/31/confirm/ HTTP/1.1" 200 869
[10/Aug/2026 19:57:40] "POST /api/optimizations/31/stops/393/deliver/ HTTP/1.1" 200 896
[10/Aug/2026 19:57:40] "POST /api/optimizations/31/complete/ HTTP/1.1" 200 921
[10/Aug/2026 19:57:40] "DELETE /api/optimizations/31/ HTTP/1.1" 204 0
[10/Aug/2026 19:57:40] "DELETE /api/vehicles/91/ HTTP/1.1" 204 0
[10/Aug/2026 19:57:40] "DELETE /api/visits/177/ HTTP/1.1" 204 0
[10/Aug/2026 19:57:40] "POST /api/vehicles/ HTTP/1.1" 201 302
[10/Aug/2026 19:57:40] "POST /api/visits/ HTTP/1.1" 201 296
W0000 00:00:1786409861.232693   15196 routing.cc:6421] GUIDED_LOCAL_SEARCH specified without sane timeout: solve may run forever.
[10/Aug/2026 19:57:41] "POST /api/optimizations/ HTTP/1.1" 201 862
[10/Aug/2026 19:57:41] "GET /api/available/resources/?date=2026-08-12 HTTP/1.1" 200 40977
[10/Aug/2026 19:57:41] "POST /api/optimizations/32/cancel/ HTTP/1.1" 200 841
[10/Aug/2026 19:57:41] "GET /api/available/resources/?date=2026-08-12 HTTP/1.1" 200 41577
[10/Aug/2026 19:57:41] "DELETE /api/optimizations/32/ HTTP/1.1" 204 0
[10/Aug/2026 19:57:41] "DELETE /api/vehicles/92/ HTTP/1.1" 204 0
[10/Aug/2026 19:57:41] "DELETE /api/visits/178/ HTTP/1.1" 204 0
Bad Request: /api/optimizations/
[10/Aug/2026 19:57:41] "POST /api/optimizations/ HTTP/1.1" 400 52
Bad Request: /api/vehicles/
[10/Aug/2026 19:57:41] "POST /api/vehicles/ HTTP/1.1" 400 127
Bad Request: /api/visits/
[10/Aug/2026 19:57:41] "POST /api/visits/ HTTP/1.1" 400 127
[10/Aug/2026 19:57:41] "POST /api/visits/ HTTP/1.1" 201 305
[10/Aug/2026 19:57:41] "GET /api/visits/179/ HTTP/1.1" 200 305
[10/Aug/2026 19:57:41] "DELETE /api/visits/179/ HTTP/1.1" 204 0
[10/Aug/2026 19:57:41,529] - Broken pipe from ('127.0.0.1', 62503)
[10/Aug/2026 19:57:42] "POST /api/vehicles/ HTTP/1.1" 201 302
[10/Aug/2026 19:57:42] "GET /api/vehicles/?search=Veh%C3%ADculo+Boyle+1786409862276-m6tbKn HTTP/1.1" 200 354
[10/Aug/2026 19:57:42] "DELETE /api/vehicles/93/ HTTP/1.1" 204 0
[10/Aug/2026 19:57:42] "GET /api/visits/?page=1&page_size=10 HTTP/1.1" 200 3067
[10/Aug/2026 19:57:42] "GET /api/vehicles/?page=1&page_size=10 HTTP/1.1" 200 2891
[10/Aug/2026 19:57:42] "GET /api/visits/?page=1&page_size=10 HTTP/1.1" 200 3067
[10/Aug/2026 19:57:42] "GET /api/vehicles/?page=1&page_size=10 HTTP/1.1" 200 2891
[10/Aug/2026 19:57:42] "POST /api/vehicles/ HTTP/1.1" 201 303
[10/Aug/2026 19:57:42] "GET /api/vehicles/?page=1&page_size=10 HTTP/1.1" 200 2891
[10/Aug/2026 19:57:42] "GET /api/vehicles/?page=1&page_size=10&search=Veh%C3%ADculo+Kohler+1786409862527-Bs6ksg HTTP/1.1" 200 355
[10/Aug/2026 19:57:43] "DELETE /api/vehicles/94/ HTTP/1.1" 204 0
[10/Aug/2026 19:57:43] "GET /api/vehicles/?page=1&page_size=10&search=Veh%C3%ADculo+Kohler+1786409862527-Bs6ksg HTTP/1.1" 200 52
Not Found: /api/vehicles/94/
[10/Aug/2026 19:57:43] "DELETE /api/vehicles/94/ HTTP/1.1" 404 48
[10/Aug/2026 19:57:43] "POST /api/visits/ HTTP/1.1" 201 296
[10/Aug/2026 19:57:43] "GET /api/visits/?search=Visita+Country+Club+1786409863165-IDXu9Z HTTP/1.1" 200 348
[10/Aug/2026 19:57:43] "PATCH /api/visits/180/ HTTP/1.1" 200 294
[10/Aug/2026 19:57:43] "DELETE /api/visits/180/ HTTP/1.1" 204 0
[10/Aug/2026 19:57:43,281] - Broken pipe from ('127.0.0.1', 62506)
[10/Aug/2026 19:58:00] "POST /api/vehicles/ HTTP/1.1" 201 302
[10/Aug/2026 19:58:00] "GET /api/vehicles/?search=Veh%C3%ADculo+Crona+1786409880541-Nc2itH HTTP/1.1" 200 354
[10/Aug/2026 19:58:00] "DELETE /api/vehicles/95/ HTTP/1.1" 204 0
[10/Aug/2026 19:58:00] "GET /api/vehicles/?page=1&page_size=10 HTTP/1.1" 200 2891
[10/Aug/2026 19:58:00] "GET /api/visits/?page=1&page_size=10 HTTP/1.1" 200 3067
[10/Aug/2026 19:58:00] "GET /api/visits/?page=1&page_size=10 HTTP/1.1" 200 3067
[10/Aug/2026 19:58:00] "GET /api/vehicles/?page=1&page_size=10 HTTP/1.1" 200 2891
[10/Aug/2026 19:58:01] "POST /api/vehicles/ HTTP/1.1" 201 301
[10/Aug/2026 19:58:01] "GET /api/vehicles/?page=1&page_size=10 HTTP/1.1" 200 2891
[10/Aug/2026 19:58:01] "GET /api/vehicles/?page=1&page_size=10&search=Veh%C3%ADculo+Will+1786409880793-yLRLes HTTP/1.1" 200 353
[10/Aug/2026 19:58:01] "DELETE /api/vehicles/96/ HTTP/1.1" 204 0
[10/Aug/2026 19:58:01] "GET /api/vehicles/?page=1&page_size=10&search=Veh%C3%ADculo+Will+1786409880793-yLRLes HTTP/1.1" 200 52
Not Found: /api/vehicles/96/
[10/Aug/2026 19:58:01] "DELETE /api/vehicles/96/ HTTP/1.1" 404 48
[10/Aug/2026 19:58:01] "GET /api/visits/?page=1&page_size=10 HTTP/1.1" 200 3067
[10/Aug/2026 19:58:01] "GET /api/vehicles/?page=1&page_size=10 HTTP/1.1" 200 2891
[10/Aug/2026 19:58:01] "GET /api/vehicles/?page=1&page_size=10 HTTP/1.1" 200 2891
[10/Aug/2026 19:58:01] "GET /api/visits/?page=1&page_size=10 HTTP/1.1" 200 3067
[10/Aug/2026 19:58:01] "POST /api/vehicles/ HTTP/1.1" 201 302
[10/Aug/2026 19:58:01] "GET /api/vehicles/?page=1&page_size=10 HTTP/1.1" 200 2891
[10/Aug/2026 19:58:01] "GET /api/vehicles/?page=1&page_size=10&search=Veh%C3%ADculo+Emard+1786409881456-St1VuP HTTP/1.1" 200 354
[10/Aug/2026 19:58:01] "DELETE /api/vehicles/97/ HTTP/1.1" 204 0
[10/Aug/2026 19:58:02] "POST /api/visits/ HTTP/1.1" 201 299
[10/Aug/2026 19:58:02] "GET /api/visits/?search=Visita+Bettefurt+1786409882008-5YnWMo HTTP/1.1" 200 351
[10/Aug/2026 19:58:02] "PATCH /api/visits/181/ HTTP/1.1" 200 292
[10/Aug/2026 19:58:02] "DELETE /api/visits/181/ HTTP/1.1" 204 0
[10/Aug/2026 19:58:02,125] - Broken pipe from ('127.0.0.1', 60504)
[10/Aug/2026 19:58:02] "POST /api/vehicles/ HTTP/1.1" 201 306
[10/Aug/2026 19:58:02] "POST /api/visits/ HTTP/1.1" 201 294
W0000 00:00:1786409883.727666    6344 routing.cc:6421] GUIDED_LOCAL_SEARCH specified without sane timeout: solve may run forever.
[10/Aug/2026 19:58:03] "POST /api/optimizations/ HTTP/1.1" 201 865
[10/Aug/2026 19:58:03] "GET /api/optimizations/33/ HTTP/1.1" 200 842
[10/Aug/2026 19:58:03] "POST /api/optimizations/33/confirm/ HTTP/1.1" 200 869
[10/Aug/2026 19:58:03] "POST /api/optimizations/33/stops/395/deliver/ HTTP/1.1" 200 896
[10/Aug/2026 19:58:03] "POST /api/optimizations/33/complete/ HTTP/1.1" 200 921
[10/Aug/2026 19:58:03] "DELETE /api/optimizations/33/ HTTP/1.1" 204 0
[10/Aug/2026 19:58:03] "DELETE /api/vehicles/98/ HTTP/1.1" 204 0
[10/Aug/2026 19:58:03] "DELETE /api/visits/182/ HTTP/1.1" 204 0
[10/Aug/2026 19:58:03] "POST /api/vehicles/ HTTP/1.1" 201 306
[10/Aug/2026 19:58:03] "POST /api/visits/ HTTP/1.1" 201 293
W0000 00:00:1786409884.717482    6344 routing.cc:6421] GUIDED_LOCAL_SEARCH specified without sane timeout: solve may run forever.
[10/Aug/2026 19:58:04] "POST /api/optimizations/ HTTP/1.1" 201 864
[10/Aug/2026 19:58:04] "GET /api/available/resources/?date=2026-08-12 HTTP/1.1" 200 40977
[10/Aug/2026 19:58:04] "POST /api/optimizations/34/cancel/ HTTP/1.1" 200 843
[10/Aug/2026 19:58:04] "GET /api/available/resources/?date=2026-08-12 HTTP/1.1" 200 41578
[10/Aug/2026 19:58:04] "DELETE /api/optimizations/34/ HTTP/1.1" 204 0
[10/Aug/2026 19:58:04] "DELETE /api/vehicles/99/ HTTP/1.1" 204 0
[10/Aug/2026 19:58:04] "DELETE /api/visits/183/ HTTP/1.1" 204 0
Bad Request: /api/optimizations/
[10/Aug/2026 19:58:04] "POST /api/optimizations/ HTTP/1.1" 400 52
Bad Request: /api/vehicles/
[10/Aug/2026 19:58:04] "POST /api/vehicles/ HTTP/1.1" 400 127
Bad Request: /api/visits/
[10/Aug/2026 19:58:04] "POST /api/visits/ HTTP/1.1" 400 127
[10/Aug/2026 19:58:04] "POST /api/visits/ HTTP/1.1" 201 301
[10/Aug/2026 19:58:04] "GET /api/visits/184/ HTTP/1.1" 200 301
[10/Aug/2026 19:58:04] "DELETE /api/visits/184/ HTTP/1.1" 204 0
[10/Aug/2026 19:58:05,008] - Broken pipe from ('127.0.0.1', 65101)
[10/Aug/2026 19:58:05] "POST /api/vehicles/ HTTP/1.1" 201 304
[10/Aug/2026 19:58:05] "GET /api/vehicles/?search=Veh%C3%ADculo+Kulas+1786409885742-OLut7s HTTP/1.1" 200 356
[10/Aug/2026 19:58:05] "DELETE /api/vehicles/100/ HTTP/1.1" 204 0
[10/Aug/2026 19:58:06] "GET /api/visits/?page=1&page_size=10 HTTP/1.1" 200 3067
[10/Aug/2026 19:58:06] "GET /api/vehicles/?page=1&page_size=10 HTTP/1.1" 200 2891
[10/Aug/2026 19:58:06] "GET /api/visits/?page=1&page_size=10 HTTP/1.1" 200 3067
[10/Aug/2026 19:58:06] "GET /api/vehicles/?page=1&page_size=10 HTTP/1.1" 200 2891
[10/Aug/2026 19:58:06] "POST /api/vehicles/ HTTP/1.1" 201 303
[10/Aug/2026 19:58:06] "GET /api/vehicles/?page=1&page_size=10 HTTP/1.1" 200 2891
[10/Aug/2026 19:58:06] "GET /api/vehicles/?page=1&page_size=10&search=Veh%C3%ADculo+Daniel+1786409885986-1hBcEe HTTP/1.1" 200 355
[10/Aug/2026 19:58:06] "DELETE /api/vehicles/101/ HTTP/1.1" 204 0
[10/Aug/2026 19:58:06] "GET /api/vehicles/?page=1&page_size=10&search=Veh%C3%ADculo+Daniel+1786409885986-1hBcEe HTTP/1.1" 200 52
Not Found: /api/vehicles/101/
[10/Aug/2026 19:58:06] "DELETE /api/vehicles/101/ HTTP/1.1" 404 48
[10/Aug/2026 19:58:06] "POST /api/visits/ HTTP/1.1" 201 291
[10/Aug/2026 19:58:06] "GET /api/visits/?search=Visita+Livermore+1786409886658-KOD6cl HTTP/1.1" 200 343
[10/Aug/2026 19:58:06] "PATCH /api/visits/185/ HTTP/1.1" 200 288
[10/Aug/2026 19:58:06] "DELETE /api/visits/185/ HTTP/1.1" 204 0
[10/Aug/2026 19:58:06,771] - Broken pipe from ('127.0.0.1', 65104)
[10/Aug/2026 21:24:26] "POST /api/vehicles/ HTTP/1.1" 201 308
[10/Aug/2026 21:24:26] "GET /api/vehicles/?search=Veh%C3%ADculo+Gutkowski+1786415066377-yDB6ty HTTP/1.1" 200 360
[10/Aug/2026 21:24:26] "DELETE /api/vehicles/102/ HTTP/1.1" 204 0
[10/Aug/2026 21:24:26] "GET /api/vehicles/?page=1&page_size=10 HTTP/1.1" 200 2891
[10/Aug/2026 21:24:26] "GET /api/visits/?page=1&page_size=10 HTTP/1.1" 200 3067
[10/Aug/2026 21:24:26] "GET /api/vehicles/?page=1&page_size=10 HTTP/1.1" 200 2891
[10/Aug/2026 21:24:26] "GET /api/visits/?page=1&page_size=10 HTTP/1.1" 200 3067
[10/Aug/2026 21:24:28] "POST /api/vehicles/ HTTP/1.1" 201 304
[10/Aug/2026 21:24:28] "GET /api/vehicles/?page=1&page_size=10 HTTP/1.1" 200 2891
[10/Aug/2026 21:24:28] "GET /api/vehicles/?page=1&page_size=10&search=Veh%C3%ADculo+McGlynn+1786415066674-ZH3FMg HTTP/1.1" 200 356
[10/Aug/2026 21:24:28] "DELETE /api/vehicles/103/ HTTP/1.1" 204 0
[10/Aug/2026 21:24:28] "GET /api/vehicles/?page=1&page_size=10&search=Veh%C3%ADculo+McGlynn+1786415066674-ZH3FMg HTTP/1.1" 200 52
Not Found: /api/vehicles/103/
[10/Aug/2026 21:24:28] "DELETE /api/vehicles/103/ HTTP/1.1" 404 48
[10/Aug/2026 21:24:28] "GET /api/vehicles/?page=1&page_size=10 HTTP/1.1" 200 2891
[10/Aug/2026 21:24:28] "GET /api/visits/?page=1&page_size=10 HTTP/1.1" 200 3067
[10/Aug/2026 21:24:28] "GET /api/visits/?page=1&page_size=10 HTTP/1.1" 200 3067
[10/Aug/2026 21:24:28] "GET /api/vehicles/?page=1&page_size=10 HTTP/1.1" 200 2891
[10/Aug/2026 21:24:28] "POST /api/vehicles/ HTTP/1.1" 201 304
[10/Aug/2026 21:24:28] "GET /api/vehicles/?page=1&page_size=10 HTTP/1.1" 200 2891
[10/Aug/2026 21:24:28] "GET /api/vehicles/?page=1&page_size=10&search=Veh%C3%ADculo+Lehner+1786415068431-4UJrdN HTTP/1.1" 200 356
[10/Aug/2026 21:24:28] "DELETE /api/vehicles/104/ HTTP/1.1" 204 0
[10/Aug/2026 21:24:29] "POST /api/visits/ HTTP/1.1" 201 302
[10/Aug/2026 21:24:29] "GET /api/visits/?search=Visita+Deerfield+Beach+1786415068985-AAGRiN HTTP/1.1" 200 354
[10/Aug/2026 21:24:29] "PATCH /api/visits/186/ HTTP/1.1" 200 298
[10/Aug/2026 21:24:29] "DELETE /api/visits/186/ HTTP/1.1" 204 0
[10/Aug/2026 21:24:29,133] - Broken pipe from ('127.0.0.1', 62953)
[10/Aug/2026 21:24:30] "POST /api/vehicles/ HTTP/1.1" 201 307
[10/Aug/2026 21:24:30] "POST /api/visits/ HTTP/1.1" 201 303
W0000 00:00:1786415070.883416   27760 routing.cc:6421] GUIDED_LOCAL_SEARCH specified without sane timeout: solve may run forever.
[10/Aug/2026 21:24:30] "POST /api/optimizations/ HTTP/1.1" 201 875
[10/Aug/2026 21:24:30] "GET /api/optimizations/35/ HTTP/1.1" 200 852
[10/Aug/2026 21:24:30] "POST /api/optimizations/35/confirm/ HTTP/1.1" 200 879
[10/Aug/2026 21:24:30] "POST /api/optimizations/35/stops/397/deliver/ HTTP/1.1" 200 906
[10/Aug/2026 21:24:30] "POST /api/optimizations/35/complete/ HTTP/1.1" 200 931
[10/Aug/2026 21:24:31] "DELETE /api/optimizations/35/ HTTP/1.1" 204 0
[10/Aug/2026 21:24:31] "DELETE /api/vehicles/105/ HTTP/1.1" 204 0
[10/Aug/2026 21:24:31] "DELETE /api/visits/187/ HTTP/1.1" 204 0
[10/Aug/2026 21:24:31] "POST /api/vehicles/ HTTP/1.1" 201 306
[10/Aug/2026 21:24:31] "POST /api/visits/ HTTP/1.1" 201 299
W0000 00:00:1786415071.947296   27760 routing.cc:6421] GUIDED_LOCAL_SEARCH specified without sane timeout: solve may run forever.
[10/Aug/2026 21:24:31] "POST /api/optimizations/ HTTP/1.1" 201 872
[10/Aug/2026 21:24:31] "GET /api/available/resources/?date=2026-08-12 HTTP/1.1" 200 40977
[10/Aug/2026 21:24:32] "POST /api/optimizations/36/cancel/ HTTP/1.1" 200 851
[10/Aug/2026 21:24:32] "GET /api/available/resources/?date=2026-08-12 HTTP/1.1" 200 41584
[10/Aug/2026 21:24:32] "DELETE /api/optimizations/36/ HTTP/1.1" 204 0
[10/Aug/2026 21:24:32] "DELETE /api/vehicles/106/ HTTP/1.1" 204 0
[10/Aug/2026 21:24:32] "DELETE /api/visits/188/ HTTP/1.1" 204 0
Bad Request: /api/optimizations/
[10/Aug/2026 21:24:32] "POST /api/optimizations/ HTTP/1.1" 400 52
Bad Request: /api/vehicles/
[10/Aug/2026 21:24:32] "POST /api/vehicles/ HTTP/1.1" 400 127
Bad Request: /api/visits/
[10/Aug/2026 21:24:32] "POST /api/visits/ HTTP/1.1" 400 127
[10/Aug/2026 21:24:32] "POST /api/visits/ HTTP/1.1" 201 300
[10/Aug/2026 21:24:32] "GET /api/visits/189/ HTTP/1.1" 200 300
[10/Aug/2026 21:24:32] "DELETE /api/visits/189/ HTTP/1.1" 204 0
[10/Aug/2026 21:24:32,280] - Broken pipe from ('127.0.0.1', 51040)
[10/Aug/2026 21:24:33] "POST /api/vehicles/ HTTP/1.1" 201 306
[10/Aug/2026 21:24:33] "GET /api/vehicles/?search=Veh%C3%ADculo+Kuvalis+1786415073123-0AKVrG HTTP/1.1" 200 358
[10/Aug/2026 21:24:33] "DELETE /api/vehicles/107/ HTTP/1.1" 204 0
[10/Aug/2026 21:24:33] "GET /api/visits/?page=1&page_size=10 HTTP/1.1" 200 3067
[10/Aug/2026 21:24:33] "GET /api/vehicles/?page=1&page_size=10 HTTP/1.1" 200 2891
[10/Aug/2026 21:24:33] "GET /api/visits/?page=1&page_size=10 HTTP/1.1" 200 3067
[10/Aug/2026 21:24:33] "GET /api/vehicles/?page=1&page_size=10 HTTP/1.1" 200 2891
[10/Aug/2026 21:24:33] "POST /api/vehicles/ HTTP/1.1" 201 307
[10/Aug/2026 21:24:33] "GET /api/vehicles/?page=1&page_size=10 HTTP/1.1" 200 2891
[10/Aug/2026 21:24:33] "GET /api/vehicles/?page=1&page_size=10&search=Veh%C3%ADculo+O%27Conner+1786415073390-PhJUrR HTTP/1.1" 200 359
[10/Aug/2026 21:24:34] "DELETE /api/vehicles/108/ HTTP/1.1" 204 0
[10/Aug/2026 21:24:34] "GET /api/vehicles/?page=1&page_size=10&search=Veh%C3%ADculo+O%27Conner+1786415073390-PhJUrR HTTP/1.1" 200 52
Not Found: /api/vehicles/108/
[10/Aug/2026 21:24:34] "DELETE /api/vehicles/108/ HTTP/1.1" 404 48
[10/Aug/2026 21:24:34] "POST /api/visits/ HTTP/1.1" 201 297
[10/Aug/2026 21:24:34] "GET /api/visits/?search=Visita+Deangeloshire+1786415074150-gNvL6t HTTP/1.1" 200 349
[10/Aug/2026 21:24:34] "PATCH /api/visits/190/ HTTP/1.1" 200 296
[10/Aug/2026 21:24:34] "DELETE /api/visits/190/ HTTP/1.1" 204 0
[10/Aug/2026 21:24:34,288] - Broken pipe from ('127.0.0.1', 51044)
